Archive member included to satisfy reference by file (symbol)

/home/martin/Desktop/OLSONET/PICOS/PicOS/CC13XX/CC13XXWARE/driverlib/bin/gcc/driverlib.lib(adi.o)
                              KTMP/analog_sensor.o (SafeHapiAuxAdiSelect)
/home/martin/Desktop/OLSONET/PICOS/PicOS/CC13XX/CC13XXWARE/driverlib/bin/gcc/driverlib.lib(aon_batmon.o)
                              KTMP/main.o (NOROM_AONBatMonTemperatureGetDegC)
/home/martin/Desktop/OLSONET/PICOS/PicOS/CC13XX/CC13XXWARE/driverlib/bin/gcc/driverlib.lib(aon_rtc.o)
                              KTMP/main.o (NOROM_AONRTCCurrent64BitValueGet)
/home/martin/Desktop/OLSONET/PICOS/PicOS/CC13XX/CC13XXWARE/driverlib/bin/gcc/driverlib.lib(aux_adc.o)
                              KTMP/analog_sensor.o (NOROM_AUXADCDisable)
/home/martin/Desktop/OLSONET/PICOS/PicOS/CC13XX/CC13XXWARE/driverlib/bin/gcc/driverlib.lib(cpu.o)
                              KTMP/main.o (NOROM_CPUcpsid)
/home/martin/Desktop/OLSONET/PICOS/PicOS/CC13XX/CC13XXWARE/driverlib/bin/gcc/driverlib.lib(setup.o)
                              KTMP/startup_gcc.o (NOROM_SetupTrimDevice)
/home/martin/Desktop/OLSONET/PICOS/PicOS/CC13XX/CC13XXWARE/driverlib/bin/gcc/driverlib.lib(setup_rom.o)
                              /home/martin/Desktop/OLSONET/PICOS/PicOS/CC13XX/CC13XXWARE/driverlib/bin/gcc/driverlib.lib(setup.o) (NOROM_SetupAfterColdResetWakeupFromShutDownCfg1)
/home/martin/Desktop/OLSONET/PICOS/PicOS/CC13XX/CC13XXWARE/driverlib/bin/gcc/driverlib.lib(sys_ctrl.o)
                              KTMP/main.o (NOROM_SysCtrlSetRechargeBeforePowerDown)
/home/martin/Desktop/OLSONET/PICOS/PicOS/CC13XX/CC13XXWARE/driverlib/bin/gcc/driverlib.lib(chipinfo.o)
                              /home/martin/Desktop/OLSONET/PICOS/PicOS/CC13XX/CC13XXWARE/driverlib/bin/gcc/driverlib.lib(setup.o) (NOROM_ThisCodeIsBuiltForCC13xxHwRev20AndLater_HaltIfViolated)
/home/martin/Desktop/OLSONET/PICOS/PicOS/CC13XX/CC13XXWARE/driverlib/bin/gcc/driverlib.lib(ddi.o)
                              /home/martin/Desktop/OLSONET/PICOS/PicOS/CC13XX/CC13XXWARE/driverlib/bin/gcc/driverlib.lib(setup_rom.o) (NOROM_DDI32RegWrite)
/home/martin/Desktop/OLSONET/PICOS/PicOS/CC13XX/CC13XXWARE/driverlib/bin/gcc/driverlib.lib(osc.o)
                              /home/martin/Desktop/OLSONET/PICOS/PicOS/CC13XX/CC13XXWARE/driverlib/bin/gcc/driverlib.lib(setup_rom.o) (NOROM_OSCClockSourceSet)

Allocating common symbols
Common symbol       size              file

__pi_uart           0x8               KTMP/main.o
system_event_count  0x4               KTMP/main.o
entropy             0x4               KTMP/kernel.o
__pi_mintk          0x2               KTMP/kernel.o
__pi_old            0x2               KTMP/kernel.o
__pi_systat         0x8               KTMP/kernel.o
__pi_new            0x2               KTMP/kernel.o
__pi_utims          0x10              KTMP/kernel.o
__pi_curr           0x4               KTMP/kernel.o

Discarded input sections

 .text          0x0000000000000000        0x0 KTMP/app.o
 .data          0x0000000000000000        0x0 KTMP/app.o
 .bss           0x0000000000000000        0x0 KTMP/app.o
 .text          0x0000000000000000        0x0 KTMP/main.o
 .data          0x0000000000000000        0x0 KTMP/main.o
 .bss           0x0000000000000000        0x0 KTMP/main.o
 .text.__pi_offdomain
                0x0000000000000000       0x40 KTMP/main.o
 .text.reset    0x0000000000000000       0x20 KTMP/main.o
 .text.__pi_uart_getrate
                0x0000000000000000        0xc KTMP/main.o
 .text.setpowermode
                0x0000000000000000       0x24 KTMP/main.o
 .text.__pi_stackfree
                0x0000000000000000       0x28 KTMP/main.o
 .rodata.halt.str1.1
                0x0000000000000000        0xd KTMP/main.o
 .text.halt     0x0000000000000000       0x30 KTMP/main.o
 .text.__pi_batmon
                0x0000000000000000       0x5c KTMP/main.o
 .bss.where.5792
                0x0000000000000000        0x1 KTMP/main.o
 .text          0x0000000000000000        0x0 KTMP/kernel.o
 .data          0x0000000000000000        0x0 KTMP/kernel.o
 .bss           0x0000000000000000        0x0 KTMP/kernel.o
 .rodata.pidver.str1.1
                0x0000000000000000        0x4 KTMP/kernel.o
 .text.pidver   0x0000000000000000       0x24 KTMP/kernel.o
 .rodata.utimer_add.str1.1
                0x0000000000000000        0x5 KTMP/kernel.o
 .text.utimer_add
                0x0000000000000000       0x2c KTMP/kernel.o
 .rodata.utimer_delete.str1.1
                0x0000000000000000        0x5 KTMP/kernel.o
 .text.utimer_delete
                0x0000000000000000       0x4c KTMP/kernel.o
 .text.__pi_utimer_set
                0x0000000000000000        0x6 KTMP/kernel.o
 .text.__pi_ptrigger
                0x0000000000000000       0x2c KTMP/kernel.o
 .text.unwait   0x0000000000000000       0x14 KTMP/kernel.o
 .text.dleft    0x0000000000000000       0x40 KTMP/kernel.o
 .text.getcode  0x0000000000000000       0x18 KTMP/kernel.o
 .text.crunning
                0x0000000000000000       0x20 KTMP/kernel.o
 .text.__pi_strcpy
                0x0000000000000000       0x10 KTMP/kernel.o
 .text.__pi_strncpy
                0x0000000000000000       0x1c KTMP/kernel.o
 .text.__pi_strcat
                0x0000000000000000       0x10 KTMP/kernel.o
 .text.__pi_strncat
                0x0000000000000000        0x6 KTMP/kernel.o
 .text.__pi_memset
                0x0000000000000000        0xe KTMP/kernel.o
 .text.killall  0x0000000000000000       0x58 KTMP/kernel.o
 .text.__pi_memfree
                0x0000000000000000       0x30 KTMP/kernel.o
 .text.__pi_maxfree
                0x0000000000000000       0x38 KTMP/kernel.o
 .text.lrnd     0x0000000000000000       0x24 KTMP/kernel.o
 .data.__pi_seed
                0x0000000000000000        0x4 KTMP/kernel.o
 .rodata.host_id
                0x0000000000000000        0x4 KTMP/kernel.o
 .text          0x0000000000000000        0x0 KTMP/tcv.o
 .data          0x0000000000000000        0x0 KTMP/tcv.o
 .bss           0x0000000000000000        0x0 KTMP/tcv.o
 .text.apb      0x0000000000000000       0x16 KTMP/tcv.o
 .text.deq      0x0000000000000000       0x1a KTMP/tcv.o
 .text.rlp      0x0000000000000000        0xe KTMP/tcv.o
 .rodata.enq.str1.1
                0x0000000000000000        0x6 KTMP/tcv.o
 .text.enq      0x0000000000000000       0x4c KTMP/tcv.o
 .rodata.dispose.str1.1
                0x0000000000000000       0x18 KTMP/tcv.o
 .text.dispose  0x0000000000000000       0x8c KTMP/tcv.o
 .rodata.tcv_endp.str1.1
                0x0000000000000000        0xc KTMP/tcv.o
 .text.tcv_endp
                0x0000000000000000       0x70 KTMP/tcv.o
 .rodata.tcv_open.str1.1
                0x0000000000000000       0x12 KTMP/tcv.o
 .text.tcv_open
                0x0000000000000000       0xc0 KTMP/tcv.o
 .rodata.tcv_close.str1.1
                0x0000000000000000        0xc KTMP/tcv.o
 .text.tcv_close
                0x0000000000000000       0x6c KTMP/tcv.o
 .text.tcv_plug
                0x0000000000000000       0x24 KTMP/tcv.o
 .rodata.tcv_rnp.str1.1
                0x0000000000000000        0xc KTMP/tcv.o
 .text.tcv_rnp  0x0000000000000000       0x80 KTMP/tcv.o
 .rodata.tcv_qsize.str1.1
                0x0000000000000000        0xc KTMP/tcv.o
 .text.tcv_qsize
                0x0000000000000000       0x70 KTMP/tcv.o
 .rodata.tcv_erase.str1.1
                0x0000000000000000        0xc KTMP/tcv.o
 .text.tcv_erase
                0x0000000000000000       0x78 KTMP/tcv.o
 .rodata.tcv_wnps.str1.1
                0x0000000000000000       0x12 KTMP/tcv.o
 .text.tcv_wnps
                0x0000000000000000       0xbc KTMP/tcv.o
 .text.tcv_read
                0x0000000000000000       0x3a KTMP/tcv.o
 .text.tcv_write
                0x0000000000000000       0x38 KTMP/tcv.o
 .text.tcv_drop
                0x0000000000000000        0xa KTMP/tcv.o
 .rodata.tcvp_control.str1.1
                0x0000000000000000        0x6 KTMP/tcv.o
 .text.tcvp_control
                0x0000000000000000       0x2c KTMP/tcv.o
 .rodata.tcv_control.str1.1
                0x0000000000000000        0x6 KTMP/tcv.o
 .text.tcv_control
                0x0000000000000000       0x60 KTMP/tcv.o
 .rodata.tcvp_assign.str1.1
                0x0000000000000000        0x6 KTMP/tcv.o
 .text.tcvp_assign
                0x0000000000000000       0x40 KTMP/tcv.o
 .rodata.tcvp_attach.str1.1
                0x0000000000000000        0x6 KTMP/tcv.o
 .text.tcvp_attach
                0x0000000000000000       0x2c KTMP/tcv.o
 .text.tcvp_clone
                0x0000000000000000       0x3c KTMP/tcv.o
 .text.tcvp_dispose
                0x0000000000000000        0x6 KTMP/tcv.o
 .rodata.tcvp_new.str1.1
                0x0000000000000000        0xc KTMP/tcv.o
 .text.tcvp_new
                0x0000000000000000       0x68 KTMP/tcv.o
 .rodata.tcvphy_reg.str1.1
                0x0000000000000000        0xc KTMP/tcv.o
 .text.tcvphy_reg
                0x0000000000000000       0x50 KTMP/tcv.o
 .rodata.tcvphy_rcv.str1.1
                0x0000000000000000        0xc KTMP/tcv.o
 .text.tcvphy_rcv
                0x0000000000000000       0x9c KTMP/tcv.o
 .rodata.tcvphy_get.str1.1
                0x0000000000000000        0x6 KTMP/tcv.o
 .text.tcvphy_get
                0x0000000000000000       0x40 KTMP/tcv.o
 .rodata.tcvphy_top.str1.1
                0x0000000000000000        0x6 KTMP/tcv.o
 .text.tcvphy_top
                0x0000000000000000       0x34 KTMP/tcv.o
 .rodata.tcvphy_end.str1.1
                0x0000000000000000        0x6 KTMP/tcv.o
 .text.tcvphy_end
                0x0000000000000000       0x3c KTMP/tcv.o
 .rodata.tcvphy_erase.str1.1
                0x0000000000000000        0x6 KTMP/tcv.o
 .text.tcvphy_erase
                0x0000000000000000       0x3c KTMP/tcv.o
 .bss.descriptors
                0x0000000000000000       0x20 KTMP/tcv.o
 .bss.oqueues   0x0000000000000000        0xc KTMP/tcv.o
 .bss.physical  0x0000000000000000        0xc KTMP/tcv.o
 .bss.physinfo  0x0000000000000000        0xc KTMP/tcv.o
 .bss.plugins   0x0000000000000000        0xc KTMP/tcv.o
 .text          0x0000000000000000        0x0 KTMP/startup_gcc.o
 .data          0x0000000000000000        0x0 KTMP/startup_gcc.o
 .bss           0x0000000000000000        0x0 KTMP/startup_gcc.o
 .text          0x0000000000000000        0x0 KTMP/ccfg.o
 .data          0x0000000000000000        0x0 KTMP/ccfg.o
 .bss           0x0000000000000000        0x0 KTMP/ccfg.o
 .text          0x0000000000000000        0x0 KTMP/sensors.o
 .data          0x0000000000000000        0x0 KTMP/sensors.o
 .bss           0x0000000000000000        0x0 KTMP/sensors.o
 .text.read_sensor
                0x0000000000000000       0x34 KTMP/sensors.o
 .rodata.wait_sensor.str1.1
                0x0000000000000000        0xc KTMP/sensors.o
 .text.wait_sensor
                0x0000000000000000       0x38 KTMP/sensors.o
 .rodata.sensor_list
                0x0000000000000000       0x30 KTMP/sensors.o
 .debug_info    0x0000000000000000      0x5cb KTMP/sensors.o
 .debug_abbrev  0x0000000000000000      0x194 KTMP/sensors.o
 .debug_loc     0x0000000000000000       0xdd KTMP/sensors.o
 .debug_aranges
                0x0000000000000000       0x28 KTMP/sensors.o
 .debug_ranges  0x0000000000000000       0x18 KTMP/sensors.o
 .debug_line    0x0000000000000000      0x1f2 KTMP/sensors.o
 .debug_str     0x0000000000000000      0x3fc KTMP/sensors.o
 .comment       0x0000000000000000       0x5a KTMP/sensors.o
 .debug_frame   0x0000000000000000       0x58 KTMP/sensors.o
 .ARM.attributes
                0x0000000000000000       0x2d KTMP/sensors.o
 .text          0x0000000000000000        0x0 KTMP/analog_sensor.o
 .data          0x0000000000000000        0x0 KTMP/analog_sensor.o
 .bss           0x0000000000000000        0x0 KTMP/analog_sensor.o
 .text.analog_sensor_read
                0x0000000000000000       0xbc KTMP/analog_sensor.o
 .bss.praa_avg  0x0000000000000000        0x4 KTMP/analog_sensor.o
 .bss.praa_count
                0x0000000000000000        0x4 KTMP/analog_sensor.o
 .debug_info    0x0000000000000000      0x805 KTMP/analog_sensor.o
 .debug_abbrev  0x0000000000000000      0x20c KTMP/analog_sensor.o
 .debug_loc     0x0000000000000000       0x86 KTMP/analog_sensor.o
 .debug_aranges
                0x0000000000000000       0x20 KTMP/analog_sensor.o
 .debug_ranges  0x0000000000000000       0x10 KTMP/analog_sensor.o
 .debug_line    0x0000000000000000      0x2cf KTMP/analog_sensor.o
 .debug_str     0x0000000000000000      0x6a0 KTMP/analog_sensor.o
 .comment       0x0000000000000000       0x5a KTMP/analog_sensor.o
 .debug_frame   0x0000000000000000       0x34 KTMP/analog_sensor.o
 .ARM.attributes
                0x0000000000000000       0x2d KTMP/analog_sensor.o
 .text          0x0000000000000000        0x0 KTMP/pin_sensor.o
 .data          0x0000000000000000        0x0 KTMP/pin_sensor.o
 .bss           0x0000000000000000        0x0 KTMP/pin_sensor.o
 .text.pin_sensor_init
                0x0000000000000000        0x2 KTMP/pin_sensor.o
 .text.pin_sensor_read
                0x0000000000000000       0x58 KTMP/pin_sensor.o
 .text          0x0000000000000000        0x0 KTMP/pins_sys.o
 .data          0x0000000000000000        0x0 KTMP/pins_sys.o
 .bss           0x0000000000000000        0x0 KTMP/pins_sys.o
 .text.__pi_pin_available
                0x0000000000000000        0xa KTMP/pins_sys.o
 .text.__pi_pin_adc_available
                0x0000000000000000        0x4 KTMP/pins_sys.o
 .text.__pi_pin_ivalue
                0x0000000000000000       0x24 KTMP/pins_sys.o
 .text.__pi_pin_ovalue
                0x0000000000000000       0x24 KTMP/pins_sys.o
 .text.__pi_pin_adc
                0x0000000000000000        0x4 KTMP/pins_sys.o
 .text.__pi_pin_output
                0x0000000000000000       0x24 KTMP/pins_sys.o
 .text.__pi_pin_set
                0x0000000000000000       0x1c KTMP/pins_sys.o
 .text.__pi_pin_clear
                0x0000000000000000       0x1c KTMP/pins_sys.o
 .text.__pi_pin_set_input
                0x0000000000000000       0x1c KTMP/pins_sys.o
 .text.__pi_pin_set_output
                0x0000000000000000       0x1c KTMP/pins_sys.o
 .text.__pi_pin_set_adc
                0x0000000000000000        0x2 KTMP/pins_sys.o
 .rodata.pinmap
                0x0000000000000000       0x11 KTMP/pins_sys.o
 .debug_info    0x0000000000000000      0x706 KTMP/pins_sys.o
 .debug_abbrev  0x0000000000000000      0x23f KTMP/pins_sys.o
 .debug_loc     0x0000000000000000       0x5f KTMP/pins_sys.o
 .debug_aranges
                0x0000000000000000       0x68 KTMP/pins_sys.o
 .debug_ranges  0x0000000000000000       0xf8 KTMP/pins_sys.o
 .debug_line    0x0000000000000000      0x3d1 KTMP/pins_sys.o
 .debug_str     0x0000000000000000      0x4cf KTMP/pins_sys.o
 .comment       0x0000000000000000       0x5a KTMP/pins_sys.o
 .debug_frame   0x0000000000000000       0xc0 KTMP/pins_sys.o
 .ARM.attributes
                0x0000000000000000       0x2d KTMP/pins_sys.o
 .text          0x0000000000000000        0x0 KTMP/buttons.o
 .data          0x0000000000000000        0x0 KTMP/buttons.o
 .bss           0x0000000000000000        0x0 KTMP/buttons.o
 .text.__pi_buttons
                0x0000000000000000       0xcc KTMP/buttons.o
 .text.buttons_action
                0x0000000000000000       0x38 KTMP/buttons.o
 .bss.baction   0x0000000000000000        0x4 KTMP/buttons.o
 .bss.pbutton   0x0000000000000000        0x2 KTMP/buttons.o
 .text          0x0000000000000000        0x0 KTMP/storage_mx25r8035.o
 .data          0x0000000000000000        0x0 KTMP/storage_mx25r8035.o
 .bss           0x0000000000000000        0x0 KTMP/storage_mx25r8035.o
 .text.ee_read  0x0000000000000000       0x64 KTMP/storage_mx25r8035.o
 .text.ee_erase
                0x0000000000000000      0x128 KTMP/storage_mx25r8035.o
 .text.ee_write
                0x0000000000000000       0xec KTMP/storage_mx25r8035.o
 .text.ee_panic
                0x0000000000000000        0x2 KTMP/storage_mx25r8035.o
 .text.ee_sync  0x0000000000000000        0x4 KTMP/storage_mx25r8035.o
 .text.ee_size  0x0000000000000000       0x14 KTMP/storage_mx25r8035.o
 .text.ee_init_erase
                0x0000000000000000       0x1a KTMP/storage_mx25r8035.o
 .bss.cptr      0x0000000000000000        0x4 KTMP/storage_mx25r8035.o
 .bss.curr      0x0000000000000000        0x4 KTMP/storage_mx25r8035.o
 .bss.last      0x0000000000000000        0x4 KTMP/storage_mx25r8035.o
 .bss.left      0x0000000000000000        0x2 KTMP/storage_mx25r8035.o
 .text          0x0000000000000000        0x0 KTMP/ser_out.o
 .data          0x0000000000000000        0x0 KTMP/ser_out.o
 .bss           0x0000000000000000        0x0 KTMP/ser_out.o
 .text.ser_out  0x0000000000000000       0x6c KTMP/ser_out.o
 .debug_info    0x0000000000000000      0x422 KTMP/ser_out.o
 .debug_abbrev  0x0000000000000000      0x162 KTMP/ser_out.o
 .debug_loc     0x0000000000000000       0xba KTMP/ser_out.o
 .debug_aranges
                0x0000000000000000       0x20 KTMP/ser_out.o
 .debug_ranges  0x0000000000000000       0x10 KTMP/ser_out.o
 .debug_line    0x0000000000000000      0x1b1 KTMP/ser_out.o
 .debug_str     0x0000000000000000      0x389 KTMP/ser_out.o
 .comment       0x0000000000000000       0x5a KTMP/ser_out.o
 .debug_frame   0x0000000000000000       0x30 KTMP/ser_out.o
 .ARM.attributes
                0x0000000000000000       0x2d KTMP/ser_out.o
 .text          0x0000000000000000        0x0 KTMP/ser_outb.o
 .data          0x0000000000000000        0x0 KTMP/ser_outb.o
 .bss           0x0000000000000000        0x0 KTMP/ser_outb.o
 .text.ser_outb
                0x0000000000000000       0x3c KTMP/ser_outb.o
 .debug_info    0x0000000000000000      0x400 KTMP/ser_outb.o
 .debug_abbrev  0x0000000000000000      0x151 KTMP/ser_outb.o
 .debug_loc     0x0000000000000000       0x70 KTMP/ser_outb.o
 .debug_aranges
                0x0000000000000000       0x20 KTMP/ser_outb.o
 .debug_ranges  0x0000000000000000       0x10 KTMP/ser_outb.o
 .debug_line    0x0000000000000000      0x16f KTMP/ser_outb.o
 .debug_str     0x0000000000000000      0x383 KTMP/ser_outb.o
 .comment       0x0000000000000000       0x5a KTMP/ser_outb.o
 .debug_frame   0x0000000000000000       0x2c KTMP/ser_outb.o
 .ARM.attributes
                0x0000000000000000       0x2d KTMP/ser_outb.o
 .text          0x0000000000000000        0x0 KTMP/ser_in.o
 .data          0x0000000000000000        0x0 KTMP/ser_in.o
 .bss           0x0000000000000000        0x0 KTMP/ser_in.o
 .text          0x0000000000000000        0x0 KTMP/ser_select.o
 .data          0x0000000000000000        0x0 KTMP/ser_select.o
 .bss           0x0000000000000000        0x0 KTMP/ser_select.o
 .debug_info    0x0000000000000000      0x3a8 KTMP/ser_select.o
 .debug_abbrev  0x0000000000000000      0x110 KTMP/ser_select.o
 .debug_aranges
                0x0000000000000000       0x18 KTMP/ser_select.o
 .debug_line    0x0000000000000000       0xe9 KTMP/ser_select.o
 .debug_str     0x0000000000000000      0x377 KTMP/ser_select.o
 .comment       0x0000000000000000       0x5a KTMP/ser_select.o
 .ARM.attributes
                0x0000000000000000       0x33 KTMP/ser_select.o
 .text          0x0000000000000000        0x0 KTMP/form.o
 .data          0x0000000000000000        0x0 KTMP/form.o
 .bss           0x0000000000000000        0x0 KTMP/form.o
 .text.form     0x0000000000000000       0x1a KTMP/form.o
 .text.fsize    0x0000000000000000       0x1e KTMP/form.o
 .debug_info    0x0000000000000000      0x468 KTMP/form.o
 .debug_abbrev  0x0000000000000000      0x1a3 KTMP/form.o
 .debug_loc     0x0000000000000000       0x13 KTMP/form.o
 .debug_aranges
                0x0000000000000000       0x28 KTMP/form.o
 .debug_ranges  0x0000000000000000       0x18 KTMP/form.o
 .debug_line    0x0000000000000000      0x197 KTMP/form.o
 .debug_str     0x0000000000000000      0x3a2 KTMP/form.o
 .comment       0x0000000000000000       0x5a KTMP/form.o
 .debug_frame   0x0000000000000000       0x6c KTMP/form.o
 .ARM.attributes
                0x0000000000000000       0x2d KTMP/form.o
 .text          0x0000000000000000        0x0 KTMP/scan.o
 .data          0x0000000000000000        0x0 KTMP/scan.o
 .bss           0x0000000000000000        0x0 KTMP/scan.o
 .text.scan     0x0000000000000000       0x1a KTMP/scan.o
 .debug_info    0x0000000000000000      0x433 KTMP/scan.o
 .debug_abbrev  0x0000000000000000      0x18a KTMP/scan.o
 .debug_loc     0x0000000000000000       0x13 KTMP/scan.o
 .debug_aranges
                0x0000000000000000       0x20 KTMP/scan.o
 .debug_ranges  0x0000000000000000       0x10 KTMP/scan.o
 .debug_line    0x0000000000000000      0x169 KTMP/scan.o
 .debug_str     0x0000000000000000      0x39c KTMP/scan.o
 .comment       0x0000000000000000       0x5a KTMP/scan.o
 .debug_frame   0x0000000000000000       0x3c KTMP/scan.o
 .ARM.attributes
                0x0000000000000000       0x2d KTMP/scan.o
 .text          0x0000000000000000        0x0 KTMP/ser_outf.o
 .data          0x0000000000000000        0x0 KTMP/ser_outf.o
 .bss           0x0000000000000000        0x0 KTMP/ser_outf.o
 .text          0x0000000000000000        0x0 KTMP/ser_inf.o
 .data          0x0000000000000000        0x0 KTMP/ser_inf.o
 .bss           0x0000000000000000        0x0 KTMP/ser_inf.o
 .text          0x0000000000000000        0x0 KTMP/__outserial.o
 .data          0x0000000000000000        0x0 KTMP/__outserial.o
 .bss           0x0000000000000000        0x0 KTMP/__outserial.o
 .text          0x0000000000000000        0x0 KTMP/__inserial.o
 .data          0x0000000000000000        0x0 KTMP/__inserial.o
 .bss           0x0000000000000000        0x0 KTMP/__inserial.o
 .text          0x0000000000000000        0x0 KTMP/vform.o
 .data          0x0000000000000000        0x0 KTMP/vform.o
 .bss           0x0000000000000000        0x0 KTMP/vform.o
 .text          0x0000000000000000        0x0 KTMP/vscan.o
 .data          0x0000000000000000        0x0 KTMP/vscan.o
 .bss           0x0000000000000000        0x0 KTMP/vscan.o
 .text          0x0000000000000000        0x0 /home/martin/Desktop/OLSONET/PICOS/PicOS/CC13XX/CC13XXWARE/driverlib/bin/gcc/driverlib.lib(adi.o)
 .data          0x0000000000000000        0x0 /home/martin/Desktop/OLSONET/PICOS/PicOS/CC13XX/CC13XXWARE/driverlib/bin/gcc/driverlib.lib(adi.o)
 .bss           0x0000000000000000        0x0 /home/martin/Desktop/OLSONET/PICOS/PicOS/CC13XX/CC13XXWARE/driverlib/bin/gcc/driverlib.lib(adi.o)
 .text.SafeHapiVoid
                0x0000000000000000       0x28 /home/martin/Desktop/OLSONET/PICOS/PicOS/CC13XX/CC13XXWARE/driverlib/bin/gcc/driverlib.lib(adi.o)
 .text.SafeHapiAuxAdiSelect
                0x0000000000000000       0x2c /home/martin/Desktop/OLSONET/PICOS/PicOS/CC13XX/CC13XXWARE/driverlib/bin/gcc/driverlib.lib(adi.o)
 .debug_info    0x0000000000000000      0x18e /home/martin/Desktop/OLSONET/PICOS/PicOS/CC13XX/CC13XXWARE/driverlib/bin/gcc/driverlib.lib(adi.o)
 .debug_abbrev  0x0000000000000000       0xec /home/martin/Desktop/OLSONET/PICOS/PicOS/CC13XX/CC13XXWARE/driverlib/bin/gcc/driverlib.lib(adi.o)
 .debug_loc     0x0000000000000000      0x115 /home/martin/Desktop/OLSONET/PICOS/PicOS/CC13XX/CC13XXWARE/driverlib/bin/gcc/driverlib.lib(adi.o)
 .debug_aranges
                0x0000000000000000       0x28 /home/martin/Desktop/OLSONET/PICOS/PicOS/CC13XX/CC13XXWARE/driverlib/bin/gcc/driverlib.lib(adi.o)
 .debug_ranges  0x0000000000000000       0x18 /home/martin/Desktop/OLSONET/PICOS/PicOS/CC13XX/CC13XXWARE/driverlib/bin/gcc/driverlib.lib(adi.o)
 .debug_line    0x0000000000000000      0x1a0 /home/martin/Desktop/OLSONET/PICOS/PicOS/CC13XX/CC13XXWARE/driverlib/bin/gcc/driverlib.lib(adi.o)
 .debug_str     0x0000000000000000      0x259 /home/martin/Desktop/OLSONET/PICOS/PicOS/CC13XX/CC13XXWARE/driverlib/bin/gcc/driverlib.lib(adi.o)
 .comment       0x0000000000000000       0x71 /home/martin/Desktop/OLSONET/PICOS/PicOS/CC13XX/CC13XXWARE/driverlib/bin/gcc/driverlib.lib(adi.o)
 .debug_frame   0x0000000000000000       0x64 /home/martin/Desktop/OLSONET/PICOS/PicOS/CC13XX/CC13XXWARE/driverlib/bin/gcc/driverlib.lib(adi.o)
 .ARM.attributes
                0x0000000000000000       0x33 /home/martin/Desktop/OLSONET/PICOS/PicOS/CC13XX/CC13XXWARE/driverlib/bin/gcc/driverlib.lib(adi.o)
 .text          0x0000000000000000        0x0 /home/martin/Desktop/OLSONET/PICOS/PicOS/CC13XX/CC13XXWARE/driverlib/bin/gcc/driverlib.lib(aon_batmon.o)
 .data          0x0000000000000000        0x0 /home/martin/Desktop/OLSONET/PICOS/PicOS/CC13XX/CC13XXWARE/driverlib/bin/gcc/driverlib.lib(aon_batmon.o)
 .bss           0x0000000000000000        0x0 /home/martin/Desktop/OLSONET/PICOS/PicOS/CC13XX/CC13XXWARE/driverlib/bin/gcc/driverlib.lib(aon_batmon.o)
 .text          0x0000000000000000        0x0 /home/martin/Desktop/OLSONET/PICOS/PicOS/CC13XX/CC13XXWARE/driverlib/bin/gcc/driverlib.lib(aon_rtc.o)
 .data          0x0000000000000000        0x0 /home/martin/Desktop/OLSONET/PICOS/PicOS/CC13XX/CC13XXWARE/driverlib/bin/gcc/driverlib.lib(aon_rtc.o)
 .bss           0x0000000000000000        0x0 /home/martin/Desktop/OLSONET/PICOS/PicOS/CC13XX/CC13XXWARE/driverlib/bin/gcc/driverlib.lib(aon_rtc.o)
 .text.NOROM_AONRTCCurrentCompareValueGet
                0x0000000000000000       0x20 /home/martin/Desktop/OLSONET/PICOS/PicOS/CC13XX/CC13XXWARE/driverlib/bin/gcc/driverlib.lib(aon_rtc.o)
 .text          0x0000000000000000        0x0 /home/martin/Desktop/OLSONET/PICOS/PicOS/CC13XX/CC13XXWARE/driverlib/bin/gcc/driverlib.lib(aux_adc.o)
 .data          0x0000000000000000        0x0 /home/martin/Desktop/OLSONET/PICOS/PicOS/CC13XX/CC13XXWARE/driverlib/bin/gcc/driverlib.lib(aux_adc.o)
 .bss           0x0000000000000000        0x0 /home/martin/Desktop/OLSONET/PICOS/PicOS/CC13XX/CC13XXWARE/driverlib/bin/gcc/driverlib.lib(aux_adc.o)
 .text.AuxAdiDdiSafeWrite.constprop.6
                0x0000000000000000       0x2c /home/martin/Desktop/OLSONET/PICOS/PicOS/CC13XX/CC13XXWARE/driverlib/bin/gcc/driverlib.lib(aux_adc.o)
 .text.NOROM_AUXADCDisable
                0x0000000000000000       0x3c /home/martin/Desktop/OLSONET/PICOS/PicOS/CC13XX/CC13XXWARE/driverlib/bin/gcc/driverlib.lib(aux_adc.o)
 .text.NOROM_AUXADCEnableAsync
                0x0000000000000000       0x58 /home/martin/Desktop/OLSONET/PICOS/PicOS/CC13XX/CC13XXWARE/driverlib/bin/gcc/driverlib.lib(aux_adc.o)
 .text.NOROM_AUXADCEnableSync
                0x0000000000000000       0x68 /home/martin/Desktop/OLSONET/PICOS/PicOS/CC13XX/CC13XXWARE/driverlib/bin/gcc/driverlib.lib(aux_adc.o)
 .text.NOROM_AUXADCDisableInputScaling
                0x0000000000000000        0xc /home/martin/Desktop/OLSONET/PICOS/PicOS/CC13XX/CC13XXWARE/driverlib/bin/gcc/driverlib.lib(aux_adc.o)
 .text.NOROM_AUXADCFlushFifo
                0x0000000000000000       0x10 /home/martin/Desktop/OLSONET/PICOS/PicOS/CC13XX/CC13XXWARE/driverlib/bin/gcc/driverlib.lib(aux_adc.o)
 .text.NOROM_AUXADCReadFifo
                0x0000000000000000       0x18 /home/martin/Desktop/OLSONET/PICOS/PicOS/CC13XX/CC13XXWARE/driverlib/bin/gcc/driverlib.lib(aux_adc.o)
 .text.NOROM_AUXADCPopFifo
                0x0000000000000000        0xc /home/martin/Desktop/OLSONET/PICOS/PicOS/CC13XX/CC13XXWARE/driverlib/bin/gcc/driverlib.lib(aux_adc.o)
 .text.NOROM_AUXADCGetAdjustmentGain
                0x0000000000000000       0x18 /home/martin/Desktop/OLSONET/PICOS/PicOS/CC13XX/CC13XXWARE/driverlib/bin/gcc/driverlib.lib(aux_adc.o)
 .text.NOROM_AUXADCGetAdjustmentOffset
                0x0000000000000000       0x18 /home/martin/Desktop/OLSONET/PICOS/PicOS/CC13XX/CC13XXWARE/driverlib/bin/gcc/driverlib.lib(aux_adc.o)
 .text.NOROM_AUXADCValueToMicrovolts
                0x0000000000000000       0x14 /home/martin/Desktop/OLSONET/PICOS/PicOS/CC13XX/CC13XXWARE/driverlib/bin/gcc/driverlib.lib(aux_adc.o)
 .text.NOROM_AUXADCMicrovoltsToValue
                0x0000000000000000       0x16 /home/martin/Desktop/OLSONET/PICOS/PicOS/CC13XX/CC13XXWARE/driverlib/bin/gcc/driverlib.lib(aux_adc.o)
 .text.NOROM_AUXADCAdjustValueForGainAndOffset
                0x0000000000000000       0x16 /home/martin/Desktop/OLSONET/PICOS/PicOS/CC13XX/CC13XXWARE/driverlib/bin/gcc/driverlib.lib(aux_adc.o)
 .text.NOROM_AUXADCUnadjustValueForGainAndOffset
                0x0000000000000000       0x16 /home/martin/Desktop/OLSONET/PICOS/PicOS/CC13XX/CC13XXWARE/driverlib/bin/gcc/driverlib.lib(aux_adc.o)
 .debug_info    0x0000000000000000      0x954 /home/martin/Desktop/OLSONET/PICOS/PicOS/CC13XX/CC13XXWARE/driverlib/bin/gcc/driverlib.lib(aux_adc.o)
 .debug_abbrev  0x0000000000000000      0x23b /home/martin/Desktop/OLSONET/PICOS/PicOS/CC13XX/CC13XXWARE/driverlib/bin/gcc/driverlib.lib(aux_adc.o)
 .debug_loc     0x0000000000000000      0x3d3 /home/martin/Desktop/OLSONET/PICOS/PicOS/CC13XX/CC13XXWARE/driverlib/bin/gcc/driverlib.lib(aux_adc.o)
 .debug_aranges
                0x0000000000000000       0x88 /home/martin/Desktop/OLSONET/PICOS/PicOS/CC13XX/CC13XXWARE/driverlib/bin/gcc/driverlib.lib(aux_adc.o)
 .debug_ranges  0x0000000000000000       0x90 /home/martin/Desktop/OLSONET/PICOS/PicOS/CC13XX/CC13XXWARE/driverlib/bin/gcc/driverlib.lib(aux_adc.o)
 .debug_line    0x0000000000000000      0x30e /home/martin/Desktop/OLSONET/PICOS/PicOS/CC13XX/CC13XXWARE/driverlib/bin/gcc/driverlib.lib(aux_adc.o)
 .debug_str     0x0000000000000000      0x467 /home/martin/Desktop/OLSONET/PICOS/PicOS/CC13XX/CC13XXWARE/driverlib/bin/gcc/driverlib.lib(aux_adc.o)
 .comment       0x0000000000000000       0x71 /home/martin/Desktop/OLSONET/PICOS/PicOS/CC13XX/CC13XXWARE/driverlib/bin/gcc/driverlib.lib(aux_adc.o)
 .debug_frame   0x0000000000000000      0x130 /home/martin/Desktop/OLSONET/PICOS/PicOS/CC13XX/CC13XXWARE/driverlib/bin/gcc/driverlib.lib(aux_adc.o)
 .ARM.attributes
                0x0000000000000000       0x33 /home/martin/Desktop/OLSONET/PICOS/PicOS/CC13XX/CC13XXWARE/driverlib/bin/gcc/driverlib.lib(aux_adc.o)
 .text          0x0000000000000000        0x0 /home/martin/Desktop/OLSONET/PICOS/PicOS/CC13XX/CC13XXWARE/driverlib/bin/gcc/driverlib.lib(cpu.o)
 .data          0x0000000000000000        0x0 /home/martin/Desktop/OLSONET/PICOS/PicOS/CC13XX/CC13XXWARE/driverlib/bin/gcc/driverlib.lib(cpu.o)
 .bss           0x0000000000000000        0x0 /home/martin/Desktop/OLSONET/PICOS/PicOS/CC13XX/CC13XXWARE/driverlib/bin/gcc/driverlib.lib(cpu.o)
 .text.NOROM_CPUprimask
                0x0000000000000000        0x6 /home/martin/Desktop/OLSONET/PICOS/PicOS/CC13XX/CC13XXWARE/driverlib/bin/gcc/driverlib.lib(cpu.o)
 .text.NOROM_CPUbasepriGet
                0x0000000000000000        0x6 /home/martin/Desktop/OLSONET/PICOS/PicOS/CC13XX/CC13XXWARE/driverlib/bin/gcc/driverlib.lib(cpu.o)
 .text.NOROM_CPUdelay
                0x0000000000000000        0x8 /home/martin/Desktop/OLSONET/PICOS/PicOS/CC13XX/CC13XXWARE/driverlib/bin/gcc/driverlib.lib(cpu.o)
 .text          0x0000000000000000        0x0 /home/martin/Desktop/OLSONET/PICOS/PicOS/CC13XX/CC13XXWARE/driverlib/bin/gcc/driverlib.lib(setup.o)
 .data          0x0000000000000000        0x0 /home/martin/Desktop/OLSONET/PICOS/PicOS/CC13XX/CC13XXWARE/driverlib/bin/gcc/driverlib.lib(setup.o)
 .bss           0x0000000000000000        0x0 /home/martin/Desktop/OLSONET/PICOS/PicOS/CC13XX/CC13XXWARE/driverlib/bin/gcc/driverlib.lib(setup.o)
 .text          0x0000000000000000        0x0 /home/martin/Desktop/OLSONET/PICOS/PicOS/CC13XX/CC13XXWARE/driverlib/bin/gcc/driverlib.lib(setup_rom.o)
 .data          0x0000000000000000        0x0 /home/martin/Desktop/OLSONET/PICOS/PicOS/CC13XX/CC13XXWARE/driverlib/bin/gcc/driverlib.lib(setup_rom.o)
 .bss           0x0000000000000000        0x0 /home/martin/Desktop/OLSONET/PICOS/PicOS/CC13XX/CC13XXWARE/driverlib/bin/gcc/driverlib.lib(setup_rom.o)
 .text.NOROM_SetupGetTrimForXoscHfIbiastherm
                0x0000000000000000       0x10 /home/martin/Desktop/OLSONET/PICOS/PicOS/CC13XX/CC13XXWARE/driverlib/bin/gcc/driverlib.lib(setup_rom.o)
 .text          0x0000000000000000        0x0 /home/martin/Desktop/OLSONET/PICOS/PicOS/CC13XX/CC13XXWARE/driverlib/bin/gcc/driverlib.lib(sys_ctrl.o)
 .data          0x0000000000000000        0x0 /home/martin/Desktop/OLSONET/PICOS/PicOS/CC13XX/CC13XXWARE/driverlib/bin/gcc/driverlib.lib(sys_ctrl.o)
 .bss           0x0000000000000000        0x0 /home/martin/Desktop/OLSONET/PICOS/PicOS/CC13XX/CC13XXWARE/driverlib/bin/gcc/driverlib.lib(sys_ctrl.o)
 .text.NOROM_SysCtrlPowerEverything
                0x0000000000000000       0xf4 /home/martin/Desktop/OLSONET/PICOS/PicOS/CC13XX/CC13XXWARE/driverlib/bin/gcc/driverlib.lib(sys_ctrl.o)
 .text.NOROM_SysCtrl_DCDC_VoltageConditionalControl
                0x0000000000000000       0x78 /home/martin/Desktop/OLSONET/PICOS/PicOS/CC13XX/CC13XXWARE/driverlib/bin/gcc/driverlib.lib(sys_ctrl.o)
 .rodata.g_pui32ModuleCG
                0x0000000000000000       0x34 /home/martin/Desktop/OLSONET/PICOS/PicOS/CC13XX/CC13XXWARE/driverlib/bin/gcc/driverlib.lib(sys_ctrl.o)
 .text          0x0000000000000000        0x0 /home/martin/Desktop/OLSONET/PICOS/PicOS/CC13XX/CC13XXWARE/driverlib/bin/gcc/driverlib.lib(chipinfo.o)
 .data          0x0000000000000000        0x0 /home/martin/Desktop/OLSONET/PICOS/PicOS/CC13XX/CC13XXWARE/driverlib/bin/gcc/driverlib.lib(chipinfo.o)
 .bss           0x0000000000000000        0x0 /home/martin/Desktop/OLSONET/PICOS/PicOS/CC13XX/CC13XXWARE/driverlib/bin/gcc/driverlib.lib(chipinfo.o)
 .text.NOROM_ChipInfo_GetSupportedProtocol_BV
                0x0000000000000000       0x10 /home/martin/Desktop/OLSONET/PICOS/PicOS/CC13XX/CC13XXWARE/driverlib/bin/gcc/driverlib.lib(chipinfo.o)
 .text.NOROM_ChipInfo_GetPackageType
                0x0000000000000000       0x18 /home/martin/Desktop/OLSONET/PICOS/PicOS/CC13XX/CC13XXWARE/driverlib/bin/gcc/driverlib.lib(chipinfo.o)
 .text.NOROM_ChipInfo_GetChipType
                0x0000000000000000       0x30 /home/martin/Desktop/OLSONET/PICOS/PicOS/CC13XX/CC13XXWARE/driverlib/bin/gcc/driverlib.lib(chipinfo.o)
 .text          0x0000000000000000        0x0 /home/martin/Desktop/OLSONET/PICOS/PicOS/CC13XX/CC13XXWARE/driverlib/bin/gcc/driverlib.lib(ddi.o)
 .data          0x0000000000000000        0x0 /home/martin/Desktop/OLSONET/PICOS/PicOS/CC13XX/CC13XXWARE/driverlib/bin/gcc/driverlib.lib(ddi.o)
 .bss           0x0000000000000000        0x0 /home/martin/Desktop/OLSONET/PICOS/PicOS/CC13XX/CC13XXWARE/driverlib/bin/gcc/driverlib.lib(ddi.o)
 .text.NOROM_DDI16BitWrite
                0x0000000000000000       0x22 /home/martin/Desktop/OLSONET/PICOS/PicOS/CC13XX/CC13XXWARE/driverlib/bin/gcc/driverlib.lib(ddi.o)
 .text.NOROM_DDI16BitfieldWrite
                0x0000000000000000       0x2e /home/martin/Desktop/OLSONET/PICOS/PicOS/CC13XX/CC13XXWARE/driverlib/bin/gcc/driverlib.lib(ddi.o)
 .text.NOROM_DDI16BitRead
                0x0000000000000000       0x34 /home/martin/Desktop/OLSONET/PICOS/PicOS/CC13XX/CC13XXWARE/driverlib/bin/gcc/driverlib.lib(ddi.o)
 .text.NOROM_DDI16BitfieldRead
                0x0000000000000000       0x40 /home/martin/Desktop/OLSONET/PICOS/PicOS/CC13XX/CC13XXWARE/driverlib/bin/gcc/driverlib.lib(ddi.o)
 .text          0x0000000000000000        0x0 /home/martin/Desktop/OLSONET/PICOS/PicOS/CC13XX/CC13XXWARE/driverlib/bin/gcc/driverlib.lib(osc.o)
 .data          0x0000000000000000        0x0 /home/martin/Desktop/OLSONET/PICOS/PicOS/CC13XX/CC13XXWARE/driverlib/bin/gcc/driverlib.lib(osc.o)
 .bss           0x0000000000000000        0x0 /home/martin/Desktop/OLSONET/PICOS/PicOS/CC13XX/CC13XXWARE/driverlib/bin/gcc/driverlib.lib(osc.o)
 .text.NOROM_OSCHF_GetStartupTime
                0x0000000000000000       0x90 /home/martin/Desktop/OLSONET/PICOS/PicOS/CC13XX/CC13XXWARE/driverlib/bin/gcc/driverlib.lib(osc.o)
 .text.NOROM_OSCHF_TurnOnXosc
                0x0000000000000000       0x18 /home/martin/Desktop/OLSONET/PICOS/PicOS/CC13XX/CC13XXWARE/driverlib/bin/gcc/driverlib.lib(osc.o)
 .text.NOROM_OSCHF_AttemptToSwitchToXosc
                0x0000000000000000       0x60 /home/martin/Desktop/OLSONET/PICOS/PicOS/CC13XX/CC13XXWARE/driverlib/bin/gcc/driverlib.lib(osc.o)
 .text.NOROM_OSCHF_SwitchToRcOscTurnOffXosc
                0x0000000000000000       0x34 /home/martin/Desktop/OLSONET/PICOS/PicOS/CC13XX/CC13XXWARE/driverlib/bin/gcc/driverlib.lib(osc.o)
 .text.NOROM_OSC_HPOSCRelativeFrequencyOffsetGet
                0x0000000000000000       0x38 /home/martin/Desktop/OLSONET/PICOS/PicOS/CC13XX/CC13XXWARE/driverlib/bin/gcc/driverlib.lib(osc.o)
 .text.NOROM_OSC_HPOSCRelativeFrequencyOffsetToRFCoreFormatConvert
                0x0000000000000000        0xc /home/martin/Desktop/OLSONET/PICOS/PicOS/CC13XX/CC13XXWARE/driverlib/bin/gcc/driverlib.lib(osc.o)
 .text.NOROM_OSCHF_DebugGetCrystalAmplitude
                0x0000000000000000       0x34 /home/martin/Desktop/OLSONET/PICOS/PicOS/CC13XX/CC13XXWARE/driverlib/bin/gcc/driverlib.lib(osc.o)
 .text.NOROM_OSCHF_DebugGetExpectedAverageCrystalAmplitude
                0x0000000000000000       0x1c /home/martin/Desktop/OLSONET/PICOS/PicOS/CC13XX/CC13XXWARE/driverlib/bin/gcc/driverlib.lib(osc.o)
 .bss.oscHfGlobals
                0x0000000000000000       0x14 /home/martin/Desktop/OLSONET/PICOS/PicOS/CC13XX/CC13XXWARE/driverlib/bin/gcc/driverlib.lib(osc.o)

Memory Configuration

Name             Origin             Length             Attributes
FLASH            0x0000000000000000 0x000000000001ffa8 xr
FLASH_CCFG       0x000000000001ffa8 0x0000000000000058 xr
SRAM             0x0000000020000000 0x0000000000005000 xrw
GPRAM            0x0000000011000000 0x0000000000002000 xrw
*default*        0x0000000000000000 0xffffffffffffffff

Linker script and memory map

                0x0000000020005000                _estack = (ORIGIN (SRAM) + LENGTH (SRAM))
                0x0000000000000000                _Min_Heap_Size = 0x0
                0x0000000000000100                _Min_Stack_Size = 0x100

.text           0x0000000000000000     0x2df8
                0x0000000000000000                _text = .
 *(.vectors)
 .vectors       0x0000000000000000       0xc8 KTMP/startup_gcc.o
                0x0000000000000000                g_pfnVectors
 *(.text*)
 .text.blinker  0x00000000000000c8      0x15c KTMP/app.o
                0x00000000000000c8                blinker
 .text.processSettingsInput
                0x0000000000000224       0x6c KTMP/app.o
                0x0000000000000224                processSettingsInput
 .text.root     0x0000000000000290      0x17c KTMP/app.o
                0x0000000000000290                root
 .text.devinit_uart
                0x000000000000040c        0xc KTMP/main.o
 .text.udelay   0x0000000000000418       0x2c KTMP/main.o
                0x0000000000000418                udelay
 .text.mdelay   0x0000000000000444       0x2a KTMP/main.o
                0x0000000000000444                mdelay
 *fill*         0x000000000000046e        0x2 00000000
 .text.__pi_ondomain
                0x0000000000000470       0x3c KTMP/main.o
                0x0000000000000470                __pi_ondomain
 .text.__pi_syserror
                0x00000000000004ac       0x54 KTMP/main.o
                0x00000000000004ac                __pi_syserror
 .text.tci_run_delay_timer
                0x0000000000000500       0x40 KTMP/main.o
                0x0000000000000500                tci_run_delay_timer
 .text.tci_run_auxiliary_timer
                0x0000000000000540       0x28 KTMP/main.o
                0x0000000000000540                tci_run_auxiliary_timer
 .text.AONRTCIntHandler
                0x0000000000000568      0x114 KTMP/main.o
                0x0000000000000568                AONRTCIntHandler
 .text.tci_update_delay_ticks
                0x000000000000067c       0x50 KTMP/main.o
                0x000000000000067c                tci_update_delay_ticks
 .text.__pi_uart_setrate
                0x00000000000006cc       0x54 KTMP/main.o
                0x00000000000006cc                __pi_uart_setrate
 .text.reinit_uart
                0x0000000000000720       0x38 KTMP/main.o
 .text.ioreq_uart_a
                0x0000000000000758      0x110 KTMP/main.o
 .text.UART0IntHandler
                0x0000000000000868       0xc0 KTMP/main.o
                0x0000000000000868                UART0IntHandler
 .text.__buttons_setirq
                0x0000000000000928       0x44 KTMP/main.o
                0x0000000000000928                __buttons_setirq
 .text.__pinlist_setirq
                0x000000000000096c       0x3c KTMP/main.o
                0x000000000000096c                __pinlist_setirq
 .text.GPIOIntHandler
                0x00000000000009a8       0xa4 KTMP/main.o
                0x00000000000009a8                GPIOIntHandler
 .text.system_init
                0x0000000000000a4c      0x1b8 KTMP/main.o
                0x0000000000000a4c                system_init
 .text.__pi_release
                0x0000000000000c04      0x258 KTMP/main.o
                0x0000000000000c04                __pi_release
 .text.startup.main
                0x0000000000000e5c       0x60 KTMP/main.o
                0x0000000000000e5c                main
 .text.killev   0x0000000000000ebc       0x3c KTMP/kernel.o
 .text.qfree    0x0000000000000ef8       0x80 KTMP/kernel.o
 .text.dgout    0x0000000000000f78       0x18 KTMP/kernel.o
 .text.__pi_badstate
                0x0000000000000f90       0x10 KTMP/kernel.o
                0x0000000000000f90                __pi_badstate
 .text.update_n_wake
                0x0000000000000fa0       0xcc KTMP/kernel.o
                0x0000000000000fa0                update_n_wake
 .text.proceed  0x000000000000106c       0x14 KTMP/kernel.o
                0x000000000000106c                proceed
 .text.__pi_wait
                0x0000000000001080       0x34 KTMP/kernel.o
                0x0000000000001080                __pi_wait
 .text.__pi_trigger
                0x00000000000010b4       0x34 KTMP/kernel.o
                0x00000000000010b4                __pi_trigger
 .text.__pi_join
                0x00000000000010e8       0x24 KTMP/kernel.o
                0x00000000000010e8                __pi_join
 .text.delay    0x000000000000110c       0x38 KTMP/kernel.o
                0x000000000000110c                delay
 .text.running  0x0000000000001144       0x24 KTMP/kernel.o
                0x0000000000001144                running
 .text.__pi_strlen
                0x0000000000001168        0xe KTMP/kernel.o
                0x0000000000001168                __pi_strlen
 .text.__pi_memcpy
                0x0000000000001176       0x14 KTMP/kernel.o
                0x0000000000001176                __pi_memcpy
 *fill*         0x000000000000118a        0x2 00000000
 .text.adddevfunc
                0x000000000000118c       0x24 KTMP/kernel.o
                0x000000000000118c                adddevfunc
 .text.io       0x00000000000011b0       0x9c KTMP/kernel.o
                0x00000000000011b0                io
 .text.__pi_malloc_init
                0x000000000000124c       0x50 KTMP/kernel.o
                0x000000000000124c                __pi_malloc_init
 .text.__pi_free
                0x000000000000129c       0x48 KTMP/kernel.o
                0x000000000000129c                __pi_free
 .text.kill     0x00000000000012e4       0x50 KTMP/kernel.o
                0x00000000000012e4                kill
 .text.__pi_malloc
                0x0000000000001334       0xa8 KTMP/kernel.o
                0x0000000000001334                __pi_malloc
 .text.__pi_fork
                0x00000000000013dc       0x34 KTMP/kernel.o
                0x00000000000013dc                __pi_fork
 .text.__pi_waitmem
                0x0000000000001410       0x18 KTMP/kernel.o
                0x0000000000001410                __pi_waitmem
 .text.diag     0x0000000000001428      0x13c KTMP/kernel.o
                0x0000000000001428                diag
 .text.tcv_init
                0x0000000000001564        0x2 KTMP/tcv.o
                0x0000000000001564                tcv_init
 .text.NmiSRHandler
                0x0000000000001566        0x2 KTMP/startup_gcc.o
                0x0000000000001566                NmiSR
 .text.FaultISRHandler
                0x0000000000001568        0x2 KTMP/startup_gcc.o
                0x0000000000001568                FaultISR
 .text.IntDefaultHandler
                0x000000000000156a        0x2 KTMP/startup_gcc.o
                0x000000000000156a                TRNGIntHandler
                0x000000000000156a                SSI0IntHandler
                0x000000000000156a                SWEvent0IntHandler
                0x000000000000156a                uDMAIntHandler
                0x000000000000156a                WatchdogIntHandler
                0x000000000000156a                RFCHardwareIntHandler
                0x000000000000156a                Timer1BIntHandler
                0x000000000000156a                I2SIntHandler
                0x000000000000156a                Timer2BIntHandler
                0x000000000000156a                Timer2AIntHandler
                0x000000000000156a                Timer1AIntHandler
                0x000000000000156a                AONIntHandler
                0x000000000000156a                AUXSWEvent0IntHandler
                0x000000000000156a                AUXADCIntHandler
                0x000000000000156a                PendSVIntHandler
                0x000000000000156a                RFCCPE1IntHandler
                0x000000000000156a                AUXSWEvent1IntHandler
                0x000000000000156a                SVCallIntHandler
                0x000000000000156a                MPUFaultIntHandler
                0x000000000000156a                SysTickIntHandler
                0x000000000000156a                BusFaultIntHandler
                0x000000000000156a                AONProgIntHandler
                0x000000000000156a                AUXCompAIntHandler
                0x000000000000156a                SSI1IntHandler
                0x000000000000156a                FlashIntHandler
                0x000000000000156a                uDMAErrIntHandler
                0x000000000000156a                UsageFaultIntHandler
                0x000000000000156a                RFCCmdAckIntHandler
                0x000000000000156a                RFCCPE0IntHandler
                0x000000000000156a                CryptoIntHandler
                0x000000000000156a                Timer0AIntHandler
                0x000000000000156a                I2CIntHandler
                0x000000000000156a                DebugMonIntHandler
                0x000000000000156a                Timer0BIntHandler
                0x000000000000156a                AUXCombEventIntHandler
                0x000000000000156a                Timer3AIntHandler
                0x000000000000156a                DynProgIntHandler
                0x000000000000156a                Timer3BIntHandler
 .text.ResetISR
                0x000000000000156c       0x4c KTMP/startup_gcc.o
                0x000000000000156c                ResetISR
 .text.get_byte
                0x00000000000015b8       0x34 KTMP/storage_mx25r8035.o
 .text.put_byte
                0x00000000000015ec       0x30 KTMP/storage_mx25r8035.o
 .text.cmd_0    0x000000000000161c       0x18 KTMP/storage_mx25r8035.o
 .text.wwait    0x0000000000001634       0x54 KTMP/storage_mx25r8035.o
 .text.ready    0x0000000000001688       0x40 KTMP/storage_mx25r8035.o
 .text.cclose   0x00000000000016c8       0x24 KTMP/storage_mx25r8035.o
 .text.ee_open  0x00000000000016ec       0x14 KTMP/storage_mx25r8035.o
                0x00000000000016ec                ee_open
 .text.ee_close
                0x0000000000001700       0x14 KTMP/storage_mx25r8035.o
                0x0000000000001700                ee_close
 .text.ser_in   0x0000000000001714       0x78 KTMP/ser_in.o
                0x0000000000001714                ser_in
 .text.ser_outf
                0x000000000000178c       0x54 KTMP/ser_outf.o
                0x000000000000178c                ser_outf
 .text.ser_inf  0x00000000000017e0       0x60 KTMP/ser_inf.o
                0x00000000000017e0                ser_inf
 .text.__outserial
                0x0000000000001840       0x70 KTMP/__outserial.o
                0x0000000000001840                __outserial
 .text.__inserial
                0x00000000000018b0      0x11c KTMP/__inserial.o
                0x00000000000018b0                __inserial
 .text.outc.5724
                0x00000000000019cc       0x20 KTMP/vform.o
 .text.__pi_vfparse
                0x00000000000019ec      0x230 KTMP/vform.o
                0x00000000000019ec                __pi_vfparse
 .text.vform    0x0000000000001c1c       0x50 KTMP/vform.o
                0x0000000000001c1c                vform
 .text.vscan    0x0000000000001c6c      0x390 KTMP/vscan.o
                0x0000000000001c6c                vscan
 .text.NOROM_AONBatMonTemperatureGetDegC
                0x0000000000001ffc       0x30 /home/martin/Desktop/OLSONET/PICOS/PicOS/CC13XX/CC13XXWARE/driverlib/bin/gcc/driverlib.lib(aon_batmon.o)
                0x0000000000001ffc                NOROM_AONBatMonTemperatureGetDegC
 .text.NOROM_AONRTCCurrent64BitValueGet
                0x000000000000202c       0x18 /home/martin/Desktop/OLSONET/PICOS/PicOS/CC13XX/CC13XXWARE/driverlib/bin/gcc/driverlib.lib(aon_rtc.o)
                0x000000000000202c                NOROM_AONRTCCurrent64BitValueGet
 .text.NOROM_CPUcpsid
                0x0000000000002044        0x8 /home/martin/Desktop/OLSONET/PICOS/PicOS/CC13XX/CC13XXWARE/driverlib/bin/gcc/driverlib.lib(cpu.o)
                0x0000000000002044                NOROM_CPUcpsid
 .text.NOROM_CPUcpsie
                0x000000000000204c        0x8 /home/martin/Desktop/OLSONET/PICOS/PicOS/CC13XX/CC13XXWARE/driverlib/bin/gcc/driverlib.lib(cpu.o)
                0x000000000000204c                NOROM_CPUcpsie
 .text.TrimAfterColdResetWakeupFromShutDown
                0x0000000000002054       0xd4 /home/martin/Desktop/OLSONET/PICOS/PicOS/CC13XX/CC13XXWARE/driverlib/bin/gcc/driverlib.lib(setup.o)
 .text.NOROM_SetupTrimDevice
                0x0000000000002128       0xa4 /home/martin/Desktop/OLSONET/PICOS/PicOS/CC13XX/CC13XXWARE/driverlib/bin/gcc/driverlib.lib(setup.o)
                0x0000000000002128                NOROM_SetupTrimDevice
 .text.NOROM_SetupSetVddrLevel
                0x00000000000021cc       0x7c /home/martin/Desktop/OLSONET/PICOS/PicOS/CC13XX/CC13XXWARE/driverlib/bin/gcc/driverlib.lib(setup_rom.o)
                0x00000000000021cc                NOROM_SetupSetVddrLevel
 .text.NOROM_SetupAfterColdResetWakeupFromShutDownCfg1
                0x0000000000002248       0xac /home/martin/Desktop/OLSONET/PICOS/PicOS/CC13XX/CC13XXWARE/driverlib/bin/gcc/driverlib.lib(setup_rom.o)
                0x0000000000002248                NOROM_SetupAfterColdResetWakeupFromShutDownCfg1
 .text.NOROM_SetupGetTrimForAnabypassValue1
                0x00000000000022f4       0x5c /home/martin/Desktop/OLSONET/PICOS/PicOS/CC13XX/CC13XXWARE/driverlib/bin/gcc/driverlib.lib(setup_rom.o)
                0x00000000000022f4                NOROM_SetupGetTrimForAnabypassValue1
 .text.NOROM_SetupGetTrimForRcOscLfRtuneCtuneTrim
                0x0000000000002350       0x18 /home/martin/Desktop/OLSONET/PICOS/PicOS/CC13XX/CC13XXWARE/driverlib/bin/gcc/driverlib.lib(setup_rom.o)
                0x0000000000002350                NOROM_SetupGetTrimForRcOscLfRtuneCtuneTrim
 .text.NOROM_SetupGetTrimForAmpcompTh2
                0x0000000000002368       0x10 /home/martin/Desktop/OLSONET/PICOS/PicOS/CC13XX/CC13XXWARE/driverlib/bin/gcc/driverlib.lib(setup_rom.o)
                0x0000000000002368                NOROM_SetupGetTrimForAmpcompTh2
 .text.NOROM_SetupGetTrimForAmpcompTh1
                0x0000000000002378       0x14 /home/martin/Desktop/OLSONET/PICOS/PicOS/CC13XX/CC13XXWARE/driverlib/bin/gcc/driverlib.lib(setup_rom.o)
                0x0000000000002378                NOROM_SetupGetTrimForAmpcompTh1
 .text.NOROM_SetupGetTrimForAmpcompCtrl
                0x000000000000238c       0x64 /home/martin/Desktop/OLSONET/PICOS/PicOS/CC13XX/CC13XXWARE/driverlib/bin/gcc/driverlib.lib(setup_rom.o)
                0x000000000000238c                NOROM_SetupGetTrimForAmpcompCtrl
 .text.NOROM_SetupGetTrimForDblrLoopFilterResetVoltage
                0x00000000000023f0       0x14 /home/martin/Desktop/OLSONET/PICOS/PicOS/CC13XX/CC13XXWARE/driverlib/bin/gcc/driverlib.lib(setup_rom.o)
                0x00000000000023f0                NOROM_SetupGetTrimForDblrLoopFilterResetVoltage
 .text.NOROM_SetupGetTrimForAdcShModeEn
                0x0000000000002404       0x14 /home/martin/Desktop/OLSONET/PICOS/PicOS/CC13XX/CC13XXWARE/driverlib/bin/gcc/driverlib.lib(setup_rom.o)
                0x0000000000002404                NOROM_SetupGetTrimForAdcShModeEn
 .text.NOROM_SetupGetTrimForAdcShVbufEn
                0x0000000000002418       0x14 /home/martin/Desktop/OLSONET/PICOS/PicOS/CC13XX/CC13XXWARE/driverlib/bin/gcc/driverlib.lib(setup_rom.o)
                0x0000000000002418                NOROM_SetupGetTrimForAdcShVbufEn
 .text.NOROM_SetupGetTrimForXoscHfCtl
                0x000000000000242c       0x28 /home/martin/Desktop/OLSONET/PICOS/PicOS/CC13XX/CC13XXWARE/driverlib/bin/gcc/driverlib.lib(setup_rom.o)
                0x000000000000242c                NOROM_SetupGetTrimForXoscHfCtl
 .text.NOROM_SetupGetTrimForXoscHfFastStart
                0x0000000000002454       0x10 /home/martin/Desktop/OLSONET/PICOS/PicOS/CC13XX/CC13XXWARE/driverlib/bin/gcc/driverlib.lib(setup_rom.o)
                0x0000000000002454                NOROM_SetupGetTrimForXoscHfFastStart
 .text.NOROM_SetupGetTrimForRadcExtCfg
                0x0000000000002464       0x2c /home/martin/Desktop/OLSONET/PICOS/PicOS/CC13XX/CC13XXWARE/driverlib/bin/gcc/driverlib.lib(setup_rom.o)
                0x0000000000002464                NOROM_SetupGetTrimForRadcExtCfg
 .text.NOROM_SetupGetTrimForRcOscLfIBiasTrim
                0x0000000000002490       0x14 /home/martin/Desktop/OLSONET/PICOS/PicOS/CC13XX/CC13XXWARE/driverlib/bin/gcc/driverlib.lib(setup_rom.o)
                0x0000000000002490                NOROM_SetupGetTrimForRcOscLfIBiasTrim
 .text.NOROM_SetupGetTrimForXoscLfRegulatorAndCmirrwrRatio
                0x00000000000024a4       0x14 /home/martin/Desktop/OLSONET/PICOS/PicOS/CC13XX/CC13XXWARE/driverlib/bin/gcc/driverlib.lib(setup_rom.o)
                0x00000000000024a4                NOROM_SetupGetTrimForXoscLfRegulatorAndCmirrwrRatio
 .text.NOROM_SetupAfterColdResetWakeupFromShutDownCfg2
                0x00000000000024b8      0x110 /home/martin/Desktop/OLSONET/PICOS/PicOS/CC13XX/CC13XXWARE/driverlib/bin/gcc/driverlib.lib(setup_rom.o)
                0x00000000000024b8                NOROM_SetupAfterColdResetWakeupFromShutDownCfg2
 .text.NOROM_SetupSetCacheModeAccordingToCcfgSetting
                0x00000000000025c8       0x64 /home/martin/Desktop/OLSONET/PICOS/PicOS/CC13XX/CC13XXWARE/driverlib/bin/gcc/driverlib.lib(setup_rom.o)
                0x00000000000025c8                NOROM_SetupSetCacheModeAccordingToCcfgSetting
 .text.NOROM_SetupSetAonRtcSubSecInc
                0x000000000000262c       0x28 /home/martin/Desktop/OLSONET/PICOS/PicOS/CC13XX/CC13XXWARE/driverlib/bin/gcc/driverlib.lib(setup_rom.o)
                0x000000000000262c                NOROM_SetupSetAonRtcSubSecInc
 .text.NOROM_SetupAfterColdResetWakeupFromShutDownCfg3
                0x0000000000002654      0x150 /home/martin/Desktop/OLSONET/PICOS/PicOS/CC13XX/CC13XXWARE/driverlib/bin/gcc/driverlib.lib(setup_rom.o)
                0x0000000000002654                NOROM_SetupAfterColdResetWakeupFromShutDownCfg3
 .text.NOROM_SysCtrlSetRechargeBeforePowerDown
                0x00000000000027a4      0x220 /home/martin/Desktop/OLSONET/PICOS/PicOS/CC13XX/CC13XXWARE/driverlib/bin/gcc/driverlib.lib(sys_ctrl.o)
                0x00000000000027a4                NOROM_SysCtrlSetRechargeBeforePowerDown
 .text.NOROM_SysCtrlAdjustRechargeAfterPowerDown
                0x00000000000029c4       0x60 /home/martin/Desktop/OLSONET/PICOS/PicOS/CC13XX/CC13XXWARE/driverlib/bin/gcc/driverlib.lib(sys_ctrl.o)
                0x00000000000029c4                NOROM_SysCtrlAdjustRechargeAfterPowerDown
 .text.NOROM_SysCtrlResetSourceGet
                0x0000000000002a24       0x18 /home/martin/Desktop/OLSONET/PICOS/PicOS/CC13XX/CC13XXWARE/driverlib/bin/gcc/driverlib.lib(sys_ctrl.o)
                0x0000000000002a24                NOROM_SysCtrlResetSourceGet
 .text.NOROM_ChipInfo_GetChipFamily
                0x0000000000002a3c       0x4c /home/martin/Desktop/OLSONET/PICOS/PicOS/CC13XX/CC13XXWARE/driverlib/bin/gcc/driverlib.lib(chipinfo.o)
                0x0000000000002a3c                NOROM_ChipInfo_GetChipFamily
 .text.NOROM_ChipInfo_GetHwRevision
                0x0000000000002a88       0x6c /home/martin/Desktop/OLSONET/PICOS/PicOS/CC13XX/CC13XXWARE/driverlib/bin/gcc/driverlib.lib(chipinfo.o)
                0x0000000000002a88                NOROM_ChipInfo_GetHwRevision
 .text.NOROM_ThisCodeIsBuiltForCC13xxHwRev20AndLater_HaltIfViolated
                0x0000000000002af4       0x16 /home/martin/Desktop/OLSONET/PICOS/PicOS/CC13XX/CC13XXWARE/driverlib/bin/gcc/driverlib.lib(chipinfo.o)
                0x0000000000002af4                NOROM_ThisCodeIsBuiltForCC13xxHwRev20AndLater_HaltIfViolated
 *fill*         0x0000000000002b0a        0x2 00000000
 .text.AuxAdiDdiSafeWrite.constprop.1
                0x0000000000002b0c       0x28 /home/martin/Desktop/OLSONET/PICOS/PicOS/CC13XX/CC13XXWARE/driverlib/bin/gcc/driverlib.lib(ddi.o)
 .text.NOROM_DDI32RegWrite
                0x0000000000002b34        0x8 /home/martin/Desktop/OLSONET/PICOS/PicOS/CC13XX/CC13XXWARE/driverlib/bin/gcc/driverlib.lib(ddi.o)
                0x0000000000002b34                NOROM_DDI32RegWrite
 .text.NOROM_OSCClockSourceSet
                0x0000000000002b3c       0x5c /home/martin/Desktop/OLSONET/PICOS/PicOS/CC13XX/CC13XXWARE/driverlib/bin/gcc/driverlib.lib(osc.o)
                0x0000000000002b3c                NOROM_OSCClockSourceSet
 .text.NOROM_OSCClockSourceGet
                0x0000000000002b98       0x2c /home/martin/Desktop/OLSONET/PICOS/PicOS/CC13XX/CC13XXWARE/driverlib/bin/gcc/driverlib.lib(osc.o)
                0x0000000000002b98                NOROM_OSCClockSourceGet
 *(.rodata*)
 .rodata.blinker.str1.1
                0x0000000000002bc4        0x7 KTMP/app.o
 .rodata.root.str1.1
                0x0000000000002bcb      0x130 KTMP/app.o
 .rodata.__pi_syserror.str1.1
                0x0000000000002cfb        0xf KTMP/main.o
 .rodata.ioreq_uart_a.str1.1
                0x0000000000002d0a        0x8 KTMP/main.o
 .rodata.system_init.str1.1
                0x0000000000002d12       0x63 KTMP/main.o
                                         0x64 (size before relaxing)
 .rodata.__pi_release.str1.1
                0x0000000000002d75        0x3 KTMP/main.o
 .rodata.port_confs
                0x0000000000002d78       0x44 KTMP/main.o
                0x0000000000002d78                port_confs
 .rodata.__pi_badstate.str1.1
                0x0000000000002dbc        0x6 KTMP/kernel.o
 .rodata.__pi_wait.str1.1
                0x0000000000002dc2        0x3 KTMP/kernel.o
 .rodata.adddevfunc.str1.1
                0x0000000000002dc5        0x5 KTMP/kernel.o
 .rodata.io.str1.1
                0x0000000000002dca        0x3 KTMP/kernel.o
 .rodata.__pi_malloc_init.str1.1
                0x0000000000002dcd        0x5 KTMP/kernel.o
 .rodata.__pi_free.str1.1
                0x0000000000002dd2        0x5 KTMP/kernel.o
 .rodata.kill.str1.1
                0x0000000000002dd7        0x4 KTMP/kernel.o
 .rodata.__pi_malloc.str1.1
                0x0000000000002ddb        0x5 KTMP/kernel.o
 .rodata.__pi_hex_enc_table
                0x0000000000002de0       0x10 KTMP/kernel.o
                0x0000000000002de0                __pi_hex_enc_table
 .rodata.__input_pins
                0x0000000000002df0        0x4 KTMP/pin_sensor.o
                0x0000000000002df0                __input_pins
 .rodata.__button_list
                0x0000000000002df4        0x4 KTMP/buttons.o
                0x0000000000002df4                __button_list
 *(.init)
 *(.fini*)
 *(.eh_frame*)
                0x0000000000002df8                _etext = .

.glue_7         0x0000000000002df8        0x0
 .glue_7        0x0000000000002df8        0x0 linker stubs

.glue_7t        0x0000000000002df8        0x0
 .glue_7t       0x0000000000002df8        0x0 linker stubs

.vfp11_veneer   0x0000000000002df8        0x0
 .vfp11_veneer  0x0000000000002df8        0x0 linker stubs

.v4_bx          0x0000000000002df8        0x0
 .v4_bx         0x0000000000002df8        0x0 linker stubs

.iplt           0x0000000000002df8        0x0
 .iplt          0x0000000000002df8        0x0 KTMP/app.o

.ARM.exidx      0x0000000000002df8        0x0
                0x0000000000002df8                __exidx_start = .
 *(.ARM.exidx* .gnu.linkonce.armexidx.*)
                0x0000000000002df8                __exidx_end = .

.ARM.extab
 *(.ARM.extab* .gnu.linkonce.armextab.*)

.data           0x0000000020000000        0x9 load address 0x0000000000002df8
                0x0000000020000000                _data = .
 *(vtable)
 *(.data*)
 .data.greenCharacter
                0x0000000020000000        0x1 KTMP/app.o
                0x0000000020000000                greenCharacter
 *fill*         0x0000000020000001        0x3 
 .data.greenLed
                0x0000000020000004        0x4 KTMP/app.o
                0x0000000020000004                greenLed
 .data.redCharacter
                0x0000000020000008        0x1 KTMP/app.o
                0x0000000020000008                redCharacter
                0x0000000020000009                _edata = .

.igot.plt       0x000000002000000c        0x0 load address 0x0000000000002e01
 .igot.plt      0x000000002000000c        0x0 KTMP/app.o

.bss            0x000000002000000c       0xa0 load address 0x0000000000002e01
                0x000000002000000c                __bss_start__ = .
                0x000000002000000c                _bss = .
 *(.bss*)
 .bss.On        0x000000002000000c        0x1 KTMP/app.o
                0x000000002000000c                On
 .bss.ch.5746   0x000000002000000d        0x1 KTMP/app.o
 .bss.displayCycle
                0x000000002000000e        0x1 KTMP/app.o
                0x000000002000000e                displayCycle
 *fill*         0x000000002000000f        0x1 
 .bss.greenOff  0x0000000020000010        0x2 KTMP/app.o
                0x0000000020000010                greenOff
 .bss.greenOn   0x0000000020000012        0x2 KTMP/app.o
                0x0000000020000012                greenOn
 .bss.led.5745  0x0000000020000014        0x4 KTMP/app.o
 .bss.ledFlag   0x0000000020000018        0x4 KTMP/app.o
                0x0000000020000018                ledFlag
 .bss.offTime.5748
                0x000000002000001c        0x2 KTMP/app.o
 .bss.onTime.5747
                0x000000002000001e        0x2 KTMP/app.o
 .bss.redLed    0x0000000020000020        0x4 KTMP/app.o
                0x0000000020000020                redLed
 .bss.redOff    0x0000000020000024        0x2 KTMP/app.o
                0x0000000020000024                redOff
 .bss.redOn     0x0000000020000026        0x2 KTMP/app.o
                0x0000000020000026                redOn
 .bss.username.5767
                0x0000000020000028       0x14 KTMP/app.o
 .bss.setdel    0x000000002000003c        0x2 KTMP/main.o
 .bss.urates    0x000000002000003e        0x2 KTMP/main.o
 .bss.__PCB     0x0000000020000040        0x4 KTMP/kernel.o
                0x0000000020000040                __PCB
 .bss.ioreq     0x0000000020000044        0x4 KTMP/kernel.o
 .bss.mcfree    0x0000000020000048        0x4 KTMP/kernel.o
 .bss.mevent    0x000000002000004c        0x2 KTMP/kernel.o
 *fill*         0x000000002000004e        0x2 
 .bss.mnfree    0x0000000020000050        0x4 KTMP/kernel.o
 .bss.mpools    0x0000000020000054        0x4 KTMP/kernel.o
 .bss.dopen     0x0000000020000058        0x1 KTMP/storage_mx25r8035.o
 .bss.dstat     0x0000000020000059        0x1 KTMP/storage_mx25r8035.o
 *fill*         0x000000002000005a        0x2 
 .bss.len.5699  0x000000002000005c        0x4 KTMP/__outserial.o
 .bss.ptr.5698  0x0000000020000060        0x4 KTMP/__outserial.o
 .bss.__inpline
                0x0000000020000064        0x4 KTMP/__inserial.o
                0x0000000020000064                __inpline
 .bss.len.5700  0x0000000020000068        0x4 KTMP/__inserial.o
 .bss.ptr.5699  0x000000002000006c        0x4 KTMP/__inserial.o
 .bss.powerQualGlobals
                0x0000000020000070        0x8 /home/martin/Desktop/OLSONET/PICOS/PicOS/CC13XX/CC13XXWARE/driverlib/bin/gcc/driverlib.lib(sys_ctrl.o)
 *(COMMON)
 COMMON         0x0000000020000078        0xc KTMP/main.o
                0x0000000020000078                __pi_uart
                0x0000000020000080                system_event_count
 COMMON         0x0000000020000084       0x28 KTMP/kernel.o
                0x0000000020000084                entropy
                0x0000000020000088                __pi_mintk
                0x000000002000008a                __pi_old
                0x000000002000008c                __pi_systat
                0x0000000020000094                __pi_new
                0x0000000020000098                __pi_utims
                0x00000000200000a8                __pi_curr
                0x00000000200000ac                . = ALIGN (0x4)
                0x00000000200000ac                _ebss = .
                0x00000000200000ac                __bss_end__ = .

.ccfg           0x000000000001ffa8       0x58
 *(.ccfg)
 .ccfg          0x000000000001ffa8       0x58 KTMP/ccfg.o
                0x000000000001ffa8                __ccfg

.rel.dyn        0x0000000000020000        0x0
 .rel.iplt      0x0000000000020000        0x0 KTMP/app.o

._user_heap_stack
                0x00000000200000ac      0x100
                0x00000000200000ac                . = ALIGN (0x4)
                0x00000000200000ac                . = (. + _Min_Heap_Size)
                0x00000000200001ac                . = (. + _Min_Stack_Size)
 *fill*         0x00000000200000ac      0x100 
                0x00000000200001ac                . = ALIGN (0x4)

.gpram
LOAD KTMP/app.o
LOAD KTMP/main.o
LOAD KTMP/kernel.o
LOAD KTMP/tcv.o
LOAD KTMP/startup_gcc.o
LOAD KTMP/ccfg.o
LOAD KTMP/sensors.o
LOAD KTMP/analog_sensor.o
LOAD KTMP/pin_sensor.o
LOAD KTMP/pins_sys.o
LOAD KTMP/buttons.o
LOAD KTMP/storage_mx25r8035.o
LOAD KTMP/ser_out.o
LOAD KTMP/ser_outb.o
LOAD KTMP/ser_in.o
LOAD KTMP/ser_select.o
LOAD KTMP/form.o
LOAD KTMP/scan.o
LOAD KTMP/ser_outf.o
LOAD KTMP/ser_inf.o
LOAD KTMP/__outserial.o
LOAD KTMP/__inserial.o
LOAD KTMP/vform.o
LOAD KTMP/vscan.o
LOAD /home/martin/Desktop/OLSONET/PICOS/PicOS/CC13XX/CC13XXWARE/driverlib/bin/gcc/driverlib.lib
START GROUP
LOAD /usr/lib/gcc/arm-none-eabi/9.2.1/thumb/nofp/libgcc.a
LOAD /usr/lib/gcc/arm-none-eabi/9.2.1/../../../arm-none-eabi/lib/thumb/nofp/libg.a
LOAD /usr/lib/gcc/arm-none-eabi/9.2.1/../../../arm-none-eabi/lib/thumb/nofp/libc.a
END GROUP
START GROUP
LOAD /usr/lib/gcc/arm-none-eabi/9.2.1/thumb/nofp/libgcc.a
LOAD /usr/lib/gcc/arm-none-eabi/9.2.1/../../../arm-none-eabi/lib/thumb/nofp/libc.a
LOAD /usr/lib/gcc/arm-none-eabi/9.2.1/../../../arm-none-eabi/lib/thumb/nofp/libnosys.a
END GROUP
OUTPUT(Image elf32-littlearm)
LOAD linker stubs

.debug_info     0x0000000000000000     0xa970
 .debug_info    0x0000000000000000      0x793 KTMP/app.o
 .debug_info    0x0000000000000793     0x1490 KTMP/main.o
 .debug_info    0x0000000000001c23     0x1223 KTMP/kernel.o
 .debug_info    0x0000000000002e46     0x1337 KTMP/tcv.o
 .debug_info    0x000000000000417d      0x178 KTMP/startup_gcc.o
 .debug_info    0x00000000000042f5      0x53b KTMP/ccfg.o
 .debug_info    0x0000000000004830      0x504 KTMP/pin_sensor.o
 .debug_info    0x0000000000004d34      0x4fa KTMP/buttons.o
 .debug_info    0x000000000000522e      0xaab KTMP/storage_mx25r8035.o
 .debug_info    0x0000000000005cd9      0x416 KTMP/ser_in.o
 .debug_info    0x00000000000060ef      0x450 KTMP/ser_outf.o
 .debug_info    0x000000000000653f      0x450 KTMP/ser_inf.o
 .debug_info    0x000000000000698f      0x431 KTMP/__outserial.o
 .debug_info    0x0000000000006dc0      0x444 KTMP/__inserial.o
 .debug_info    0x0000000000007204      0x5f4 KTMP/vform.o
 .debug_info    0x00000000000077f8      0x593 KTMP/vscan.o
 .debug_info    0x0000000000007d8b       0xd9 /home/martin/Desktop/OLSONET/PICOS/PicOS/CC13XX/CC13XXWARE/driverlib/bin/gcc/driverlib.lib(aon_batmon.o)
 .debug_info    0x0000000000007e64      0x147 /home/martin/Desktop/OLSONET/PICOS/PicOS/CC13XX/CC13XXWARE/driverlib/bin/gcc/driverlib.lib(aon_rtc.o)
 .debug_info    0x0000000000007fab      0x13a /home/martin/Desktop/OLSONET/PICOS/PicOS/CC13XX/CC13XXWARE/driverlib/bin/gcc/driverlib.lib(cpu.o)
 .debug_info    0x00000000000080e5      0x20b /home/martin/Desktop/OLSONET/PICOS/PicOS/CC13XX/CC13XXWARE/driverlib/bin/gcc/driverlib.lib(setup.o)
 .debug_info    0x00000000000082f0      0xb1b /home/martin/Desktop/OLSONET/PICOS/PicOS/CC13XX/CC13XXWARE/driverlib/bin/gcc/driverlib.lib(setup_rom.o)
 .debug_info    0x0000000000008e0b      0x927 /home/martin/Desktop/OLSONET/PICOS/PicOS/CC13XX/CC13XXWARE/driverlib/bin/gcc/driverlib.lib(sys_ctrl.o)
 .debug_info    0x0000000000009732      0x3d0 /home/martin/Desktop/OLSONET/PICOS/PicOS/CC13XX/CC13XXWARE/driverlib/bin/gcc/driverlib.lib(chipinfo.o)
 .debug_info    0x0000000000009b02      0x5ab /home/martin/Desktop/OLSONET/PICOS/PicOS/CC13XX/CC13XXWARE/driverlib/bin/gcc/driverlib.lib(ddi.o)
 .debug_info    0x000000000000a0ad      0x8c3 /home/martin/Desktop/OLSONET/PICOS/PicOS/CC13XX/CC13XXWARE/driverlib/bin/gcc/driverlib.lib(osc.o)

.debug_abbrev   0x0000000000000000     0x3244
 .debug_abbrev  0x0000000000000000      0x252 KTMP/app.o
 .debug_abbrev  0x0000000000000252      0x56c KTMP/main.o
 .debug_abbrev  0x00000000000007be      0x46f KTMP/kernel.o
 .debug_abbrev  0x0000000000000c2d      0x3dc KTMP/tcv.o
 .debug_abbrev  0x0000000000001009       0xc5 KTMP/startup_gcc.o
 .debug_abbrev  0x00000000000010ce      0x11f KTMP/ccfg.o
 .debug_abbrev  0x00000000000011ed      0x1f1 KTMP/pin_sensor.o
 .debug_abbrev  0x00000000000013de      0x1cb KTMP/buttons.o
 .debug_abbrev  0x00000000000015a9      0x3a6 KTMP/storage_mx25r8035.o
 .debug_abbrev  0x000000000000194f      0x14f KTMP/ser_in.o
 .debug_abbrev  0x0000000000001a9e      0x1ac KTMP/ser_outf.o
 .debug_abbrev  0x0000000000001c4a      0x19b KTMP/ser_inf.o
 .debug_abbrev  0x0000000000001de5      0x174 KTMP/__outserial.o
 .debug_abbrev  0x0000000000001f59      0x178 KTMP/__inserial.o
 .debug_abbrev  0x00000000000020d1      0x212 KTMP/vform.o
 .debug_abbrev  0x00000000000022e3      0x1bc KTMP/vscan.o
 .debug_abbrev  0x000000000000249f       0x6f /home/martin/Desktop/OLSONET/PICOS/PicOS/CC13XX/CC13XXWARE/driverlib/bin/gcc/driverlib.lib(aon_batmon.o)
 .debug_abbrev  0x000000000000250e       0xaa /home/martin/Desktop/OLSONET/PICOS/PicOS/CC13XX/CC13XXWARE/driverlib/bin/gcc/driverlib.lib(aon_rtc.o)
 .debug_abbrev  0x00000000000025b8       0xb0 /home/martin/Desktop/OLSONET/PICOS/PicOS/CC13XX/CC13XXWARE/driverlib/bin/gcc/driverlib.lib(cpu.o)
 .debug_abbrev  0x0000000000002668      0x142 /home/martin/Desktop/OLSONET/PICOS/PicOS/CC13XX/CC13XXWARE/driverlib/bin/gcc/driverlib.lib(setup.o)
 .debug_abbrev  0x00000000000027aa      0x261 /home/martin/Desktop/OLSONET/PICOS/PicOS/CC13XX/CC13XXWARE/driverlib/bin/gcc/driverlib.lib(setup_rom.o)
 .debug_abbrev  0x0000000000002a0b      0x2ba /home/martin/Desktop/OLSONET/PICOS/PicOS/CC13XX/CC13XXWARE/driverlib/bin/gcc/driverlib.lib(sys_ctrl.o)
 .debug_abbrev  0x0000000000002cc5      0x1ce /home/martin/Desktop/OLSONET/PICOS/PicOS/CC13XX/CC13XXWARE/driverlib/bin/gcc/driverlib.lib(chipinfo.o)
 .debug_abbrev  0x0000000000002e93      0x154 /home/martin/Desktop/OLSONET/PICOS/PicOS/CC13XX/CC13XXWARE/driverlib/bin/gcc/driverlib.lib(ddi.o)
 .debug_abbrev  0x0000000000002fe7      0x25d /home/martin/Desktop/OLSONET/PICOS/PicOS/CC13XX/CC13XXWARE/driverlib/bin/gcc/driverlib.lib(osc.o)

.debug_loc      0x0000000000000000     0x48d6
 .debug_loc     0x0000000000000000       0xb7 KTMP/app.o
 .debug_loc     0x00000000000000b7      0x455 KTMP/main.o
 .debug_loc     0x000000000000050c      0xb51 KTMP/kernel.o
 .debug_loc     0x000000000000105d      0xeae KTMP/tcv.o
 .debug_loc     0x0000000000001f0b       0x3c KTMP/startup_gcc.o
 .debug_loc     0x0000000000001f47       0x80 KTMP/pin_sensor.o
 .debug_loc     0x0000000000001fc7       0x70 KTMP/buttons.o
 .debug_loc     0x0000000000002037      0x234 KTMP/storage_mx25r8035.o
 .debug_loc     0x000000000000226b      0x112 KTMP/ser_in.o
 .debug_loc     0x000000000000237d       0x86 KTMP/ser_outf.o
 .debug_loc     0x0000000000002403       0x68 KTMP/ser_inf.o
 .debug_loc     0x000000000000246b       0x66 KTMP/__outserial.o
 .debug_loc     0x00000000000024d1       0x92 KTMP/__inserial.o
 .debug_loc     0x0000000000002563      0x3ac KTMP/vform.o
 .debug_loc     0x000000000000290f      0x3ee KTMP/vscan.o
 .debug_loc     0x0000000000002cfd       0x4e /home/martin/Desktop/OLSONET/PICOS/PicOS/CC13XX/CC13XXWARE/driverlib/bin/gcc/driverlib.lib(aon_batmon.o)
 .debug_loc     0x0000000000002d4b       0x26 /home/martin/Desktop/OLSONET/PICOS/PicOS/CC13XX/CC13XXWARE/driverlib/bin/gcc/driverlib.lib(aon_rtc.o)
 .debug_loc     0x0000000000002d71       0xbc /home/martin/Desktop/OLSONET/PICOS/PicOS/CC13XX/CC13XXWARE/driverlib/bin/gcc/driverlib.lib(setup.o)
 .debug_loc     0x0000000000002e2d      0x9e8 /home/martin/Desktop/OLSONET/PICOS/PicOS/CC13XX/CC13XXWARE/driverlib/bin/gcc/driverlib.lib(setup_rom.o)
 .debug_loc     0x0000000000003815      0x44d /home/martin/Desktop/OLSONET/PICOS/PicOS/CC13XX/CC13XXWARE/driverlib/bin/gcc/driverlib.lib(sys_ctrl.o)
 .debug_loc     0x0000000000003c62      0x11f /home/martin/Desktop/OLSONET/PICOS/PicOS/CC13XX/CC13XXWARE/driverlib/bin/gcc/driverlib.lib(chipinfo.o)
 .debug_loc     0x0000000000003d81      0x79c /home/martin/Desktop/OLSONET/PICOS/PicOS/CC13XX/CC13XXWARE/driverlib/bin/gcc/driverlib.lib(ddi.o)
 .debug_loc     0x000000000000451d      0x3b9 /home/martin/Desktop/OLSONET/PICOS/PicOS/CC13XX/CC13XXWARE/driverlib/bin/gcc/driverlib.lib(osc.o)

.debug_aranges  0x0000000000000000      0x838
 .debug_aranges
                0x0000000000000000       0x30 KTMP/app.o
 .debug_aranges
                0x0000000000000030       0xe8 KTMP/main.o
 .debug_aranges
                0x0000000000000118      0x158 KTMP/kernel.o
 .debug_aranges
                0x0000000000000270      0x108 KTMP/tcv.o
 .debug_aranges
                0x0000000000000378       0x38 KTMP/startup_gcc.o
 .debug_aranges
                0x00000000000003b0       0x18 KTMP/ccfg.o
 .debug_aranges
                0x00000000000003c8       0x28 KTMP/pin_sensor.o
 .debug_aranges
                0x00000000000003f0       0x28 KTMP/buttons.o
 .debug_aranges
                0x0000000000000418       0x90 KTMP/storage_mx25r8035.o
 .debug_aranges
                0x00000000000004a8       0x20 KTMP/ser_in.o
 .debug_aranges
                0x00000000000004c8       0x20 KTMP/ser_outf.o
 .debug_aranges
                0x00000000000004e8       0x20 KTMP/ser_inf.o
 .debug_aranges
                0x0000000000000508       0x20 KTMP/__outserial.o
 .debug_aranges
                0x0000000000000528       0x20 KTMP/__inserial.o
 .debug_aranges
                0x0000000000000548       0x30 KTMP/vform.o
 .debug_aranges
                0x0000000000000578       0x20 KTMP/vscan.o
 .debug_aranges
                0x0000000000000598       0x20 /home/martin/Desktop/OLSONET/PICOS/PicOS/CC13XX/CC13XXWARE/driverlib/bin/gcc/driverlib.lib(aon_batmon.o)
 .debug_aranges
                0x00000000000005b8       0x28 /home/martin/Desktop/OLSONET/PICOS/PicOS/CC13XX/CC13XXWARE/driverlib/bin/gcc/driverlib.lib(aon_rtc.o)
 .debug_aranges
                0x00000000000005e0       0x40 /home/martin/Desktop/OLSONET/PICOS/PicOS/CC13XX/CC13XXWARE/driverlib/bin/gcc/driverlib.lib(cpu.o)
 .debug_aranges
                0x0000000000000620       0x28 /home/martin/Desktop/OLSONET/PICOS/PicOS/CC13XX/CC13XXWARE/driverlib/bin/gcc/driverlib.lib(setup.o)
 .debug_aranges
                0x0000000000000648       0xb8 /home/martin/Desktop/OLSONET/PICOS/PicOS/CC13XX/CC13XXWARE/driverlib/bin/gcc/driverlib.lib(setup_rom.o)
 .debug_aranges
                0x0000000000000700       0x40 /home/martin/Desktop/OLSONET/PICOS/PicOS/CC13XX/CC13XXWARE/driverlib/bin/gcc/driverlib.lib(sys_ctrl.o)
 .debug_aranges
                0x0000000000000740       0x48 /home/martin/Desktop/OLSONET/PICOS/PicOS/CC13XX/CC13XXWARE/driverlib/bin/gcc/driverlib.lib(chipinfo.o)
 .debug_aranges
                0x0000000000000788       0x48 /home/martin/Desktop/OLSONET/PICOS/PicOS/CC13XX/CC13XXWARE/driverlib/bin/gcc/driverlib.lib(ddi.o)
 .debug_aranges
                0x00000000000007d0       0x68 /home/martin/Desktop/OLSONET/PICOS/PicOS/CC13XX/CC13XXWARE/driverlib/bin/gcc/driverlib.lib(osc.o)

.debug_ranges   0x0000000000000000     0x1068
 .debug_ranges  0x0000000000000000       0xb8 KTMP/app.o
 .debug_ranges  0x00000000000000b8      0x540 KTMP/main.o
 .debug_ranges  0x00000000000005f8      0x1e8 KTMP/kernel.o
 .debug_ranges  0x00000000000007e0      0x130 KTMP/tcv.o
 .debug_ranges  0x0000000000000910       0x28 KTMP/startup_gcc.o
 .debug_ranges  0x0000000000000938       0x40 KTMP/pin_sensor.o
 .debug_ranges  0x0000000000000978       0x78 KTMP/buttons.o
 .debug_ranges  0x00000000000009f0      0x208 KTMP/storage_mx25r8035.o
 .debug_ranges  0x0000000000000bf8       0x10 KTMP/ser_in.o
 .debug_ranges  0x0000000000000c08       0x10 KTMP/ser_outf.o
 .debug_ranges  0x0000000000000c18       0x10 KTMP/ser_inf.o
 .debug_ranges  0x0000000000000c28       0x28 KTMP/__outserial.o
 .debug_ranges  0x0000000000000c50       0x30 KTMP/__inserial.o
 .debug_ranges  0x0000000000000c80       0x98 KTMP/vform.o
 .debug_ranges  0x0000000000000d18       0x98 KTMP/vscan.o
 .debug_ranges  0x0000000000000db0       0x10 /home/martin/Desktop/OLSONET/PICOS/PicOS/CC13XX/CC13XXWARE/driverlib/bin/gcc/driverlib.lib(aon_batmon.o)
 .debug_ranges  0x0000000000000dc0       0x18 /home/martin/Desktop/OLSONET/PICOS/PicOS/CC13XX/CC13XXWARE/driverlib/bin/gcc/driverlib.lib(aon_rtc.o)
 .debug_ranges  0x0000000000000dd8       0x30 /home/martin/Desktop/OLSONET/PICOS/PicOS/CC13XX/CC13XXWARE/driverlib/bin/gcc/driverlib.lib(cpu.o)
 .debug_ranges  0x0000000000000e08       0x18 /home/martin/Desktop/OLSONET/PICOS/PicOS/CC13XX/CC13XXWARE/driverlib/bin/gcc/driverlib.lib(setup.o)
 .debug_ranges  0x0000000000000e20       0xd8 /home/martin/Desktop/OLSONET/PICOS/PicOS/CC13XX/CC13XXWARE/driverlib/bin/gcc/driverlib.lib(setup_rom.o)
 .debug_ranges  0x0000000000000ef8       0x60 /home/martin/Desktop/OLSONET/PICOS/PicOS/CC13XX/CC13XXWARE/driverlib/bin/gcc/driverlib.lib(sys_ctrl.o)
 .debug_ranges  0x0000000000000f58       0x68 /home/martin/Desktop/OLSONET/PICOS/PicOS/CC13XX/CC13XXWARE/driverlib/bin/gcc/driverlib.lib(chipinfo.o)
 .debug_ranges  0x0000000000000fc0       0x38 /home/martin/Desktop/OLSONET/PICOS/PicOS/CC13XX/CC13XXWARE/driverlib/bin/gcc/driverlib.lib(ddi.o)
 .debug_ranges  0x0000000000000ff8       0x70 /home/martin/Desktop/OLSONET/PICOS/PicOS/CC13XX/CC13XXWARE/driverlib/bin/gcc/driverlib.lib(osc.o)

.debug_line     0x0000000000000000     0x6cda
 .debug_line    0x0000000000000000      0x4ec KTMP/app.o
 .debug_line    0x00000000000004ec     0x1560 KTMP/main.o
 .debug_line    0x0000000000001a4c      0xee4 KTMP/kernel.o
 .debug_line    0x0000000000002930      0xcbb KTMP/tcv.o
 .debug_line    0x00000000000035eb      0x127 KTMP/startup_gcc.o
 .debug_line    0x0000000000003712      0x189 KTMP/ccfg.o
 .debug_line    0x000000000000389b      0x29d KTMP/pin_sensor.o
 .debug_line    0x0000000000003b38      0x340 KTMP/buttons.o
 .debug_line    0x0000000000003e78      0x935 KTMP/storage_mx25r8035.o
 .debug_line    0x00000000000047ad      0x1c5 KTMP/ser_in.o
 .debug_line    0x0000000000004972      0x1a2 KTMP/ser_outf.o
 .debug_line    0x0000000000004b14      0x1b3 KTMP/ser_inf.o
 .debug_line    0x0000000000004cc7      0x1a5 KTMP/__outserial.o
 .debug_line    0x0000000000004e6c      0x24f KTMP/__inserial.o
 .debug_line    0x00000000000050bb      0x3c1 KTMP/vform.o
 .debug_line    0x000000000000547c      0x2ca KTMP/vscan.o
 .debug_line    0x0000000000005746      0x16b /home/martin/Desktop/OLSONET/PICOS/PicOS/CC13XX/CC13XXWARE/driverlib/bin/gcc/driverlib.lib(aon_batmon.o)
 .debug_line    0x00000000000058b1      0x1ad /home/martin/Desktop/OLSONET/PICOS/PicOS/CC13XX/CC13XXWARE/driverlib/bin/gcc/driverlib.lib(aon_rtc.o)
 .debug_line    0x0000000000005a5e      0x1a0 /home/martin/Desktop/OLSONET/PICOS/PicOS/CC13XX/CC13XXWARE/driverlib/bin/gcc/driverlib.lib(cpu.o)
 .debug_line    0x0000000000005bfe      0x1ed /home/martin/Desktop/OLSONET/PICOS/PicOS/CC13XX/CC13XXWARE/driverlib/bin/gcc/driverlib.lib(setup.o)
 .debug_line    0x0000000000005deb      0x45b /home/martin/Desktop/OLSONET/PICOS/PicOS/CC13XX/CC13XXWARE/driverlib/bin/gcc/driverlib.lib(setup_rom.o)
 .debug_line    0x0000000000006246      0x369 /home/martin/Desktop/OLSONET/PICOS/PicOS/CC13XX/CC13XXWARE/driverlib/bin/gcc/driverlib.lib(sys_ctrl.o)
 .debug_line    0x00000000000065af      0x22f /home/martin/Desktop/OLSONET/PICOS/PicOS/CC13XX/CC13XXWARE/driverlib/bin/gcc/driverlib.lib(chipinfo.o)
 .debug_line    0x00000000000067de      0x222 /home/martin/Desktop/OLSONET/PICOS/PicOS/CC13XX/CC13XXWARE/driverlib/bin/gcc/driverlib.lib(ddi.o)
 .debug_line    0x0000000000006a00      0x2da /home/martin/Desktop/OLSONET/PICOS/PicOS/CC13XX/CC13XXWARE/driverlib/bin/gcc/driverlib.lib(osc.o)

.debug_str      0x0000000000000000     0x2d03
 .debug_str     0x0000000000000000      0x4bf KTMP/app.o
                                        0x53d (size before relaxing)
 .debug_str     0x00000000000004bf      0x557 KTMP/main.o
                                        0x8da (size before relaxing)
 .debug_str     0x0000000000000a16      0x263 KTMP/kernel.o
                                        0x633 (size before relaxing)
 .debug_str     0x0000000000000c79      0x2cb KTMP/tcv.o
                                        0x670 (size before relaxing)
 .debug_str     0x0000000000000f44       0xbd KTMP/startup_gcc.o
                                        0x26e (size before relaxing)
 .debug_str     0x0000000000001001      0x1d6 KTMP/ccfg.o
                                        0x52d (size before relaxing)
 .debug_str     0x00000000000011d7       0x76 KTMP/pin_sensor.o
                                        0x3fa (size before relaxing)
 .debug_str     0x000000000000124d       0x76 KTMP/buttons.o
                                        0x3f1 (size before relaxing)
 .debug_str     0x00000000000012c3      0x111 KTMP/storage_mx25r8035.o
                                        0x4d5 (size before relaxing)
 .debug_str     0x00000000000013d4       0x55 KTMP/ser_in.o
                                        0x389 (size before relaxing)
 .debug_str     0x0000000000001429       0x4a KTMP/ser_outf.o
                                        0x3a9 (size before relaxing)
 .debug_str     0x0000000000001473       0x48 KTMP/ser_inf.o
                                        0x3b1 (size before relaxing)
 .debug_str     0x00000000000014bb       0x61 KTMP/__outserial.o
                                        0x39d (size before relaxing)
 .debug_str     0x000000000000151c       0x4e KTMP/__inserial.o
                                        0x3a2 (size before relaxing)
 .debug_str     0x000000000000156a       0x5c KTMP/vform.o
                                        0x3be (size before relaxing)
 .debug_str     0x00000000000015c6       0x5f KTMP/vscan.o
                                        0x3c1 (size before relaxing)
 .debug_str     0x0000000000001625      0x18e /home/martin/Desktop/OLSONET/PICOS/PicOS/CC13XX/CC13XXWARE/driverlib/bin/gcc/driverlib.lib(aon_batmon.o)
                                        0x221 (size before relaxing)
 .debug_str     0x00000000000017b3       0xd9 /home/martin/Desktop/OLSONET/PICOS/PicOS/CC13XX/CC13XXWARE/driverlib/bin/gcc/driverlib.lib(aon_rtc.o)
                                        0x27f (size before relaxing)
 .debug_str     0x000000000000188c       0x7f /home/martin/Desktop/OLSONET/PICOS/PicOS/CC13XX/CC13XXWARE/driverlib/bin/gcc/driverlib.lib(cpu.o)
                                        0x227 (size before relaxing)
 .debug_str     0x000000000000190b      0x203 /home/martin/Desktop/OLSONET/PICOS/PicOS/CC13XX/CC13XXWARE/driverlib/bin/gcc/driverlib.lib(setup.o)
                                        0x3ab (size before relaxing)
 .debug_str     0x0000000000001b0e      0x4e8 /home/martin/Desktop/OLSONET/PICOS/PicOS/CC13XX/CC13XXWARE/driverlib/bin/gcc/driverlib.lib(setup_rom.o)
                                        0x792 (size before relaxing)
 .debug_str     0x0000000000001ff6      0x518 /home/martin/Desktop/OLSONET/PICOS/PicOS/CC13XX/CC13XXWARE/driverlib/bin/gcc/driverlib.lib(sys_ctrl.o)
                                        0x7e2 (size before relaxing)
 .debug_str     0x000000000000250e      0x3c3 /home/martin/Desktop/OLSONET/PICOS/PicOS/CC13XX/CC13XXWARE/driverlib/bin/gcc/driverlib.lib(chipinfo.o)
                                        0x5ae (size before relaxing)
 .debug_str     0x00000000000028d1      0x107 /home/martin/Desktop/OLSONET/PICOS/PicOS/CC13XX/CC13XXWARE/driverlib/bin/gcc/driverlib.lib(ddi.o)
                                        0x316 (size before relaxing)
 .debug_str     0x00000000000029d8      0x32b /home/martin/Desktop/OLSONET/PICOS/PicOS/CC13XX/CC13XXWARE/driverlib/bin/gcc/driverlib.lib(osc.o)
                                        0x822 (size before relaxing)

.comment        0x0000000000000000       0xc9
 .comment       0x0000000000000000       0x59 KTMP/app.o
                                         0x5a (size before relaxing)
 .comment       0x0000000000000059       0x5a KTMP/main.o
 .comment       0x0000000000000059       0x5a KTMP/kernel.o
 .comment       0x0000000000000059       0x5a KTMP/tcv.o
 .comment       0x0000000000000059       0x5a KTMP/startup_gcc.o
 .comment       0x0000000000000059       0x5a KTMP/ccfg.o
 .comment       0x0000000000000059       0x5a KTMP/pin_sensor.o
 .comment       0x0000000000000059       0x5a KTMP/buttons.o
 .comment       0x0000000000000059       0x5a KTMP/storage_mx25r8035.o
 .comment       0x0000000000000059       0x5a KTMP/ser_in.o
 .comment       0x0000000000000059       0x5a KTMP/ser_outf.o
 .comment       0x0000000000000059       0x5a KTMP/ser_inf.o
 .comment       0x0000000000000059       0x5a KTMP/__outserial.o
 .comment       0x0000000000000059       0x5a KTMP/__inserial.o
 .comment       0x0000000000000059       0x5a KTMP/vform.o
 .comment       0x0000000000000059       0x5a KTMP/vscan.o
 .comment       0x0000000000000059       0x70 /home/martin/Desktop/OLSONET/PICOS/PicOS/CC13XX/CC13XXWARE/driverlib/bin/gcc/driverlib.lib(aon_batmon.o)
                                         0x71 (size before relaxing)
 .comment       0x00000000000000c9       0x71 /home/martin/Desktop/OLSONET/PICOS/PicOS/CC13XX/CC13XXWARE/driverlib/bin/gcc/driverlib.lib(aon_rtc.o)
 .comment       0x00000000000000c9       0x71 /home/martin/Desktop/OLSONET/PICOS/PicOS/CC13XX/CC13XXWARE/driverlib/bin/gcc/driverlib.lib(cpu.o)
 .comment       0x00000000000000c9       0x71 /home/martin/Desktop/OLSONET/PICOS/PicOS/CC13XX/CC13XXWARE/driverlib/bin/gcc/driverlib.lib(setup.o)
 .comment       0x00000000000000c9       0x71 /home/martin/Desktop/OLSONET/PICOS/PicOS/CC13XX/CC13XXWARE/driverlib/bin/gcc/driverlib.lib(setup_rom.o)
 .comment       0x00000000000000c9       0x71 /home/martin/Desktop/OLSONET/PICOS/PicOS/CC13XX/CC13XXWARE/driverlib/bin/gcc/driverlib.lib(sys_ctrl.o)
 .comment       0x00000000000000c9       0x71 /home/martin/Desktop/OLSONET/PICOS/PicOS/CC13XX/CC13XXWARE/driverlib/bin/gcc/driverlib.lib(chipinfo.o)
 .comment       0x00000000000000c9       0x71 /home/martin/Desktop/OLSONET/PICOS/PicOS/CC13XX/CC13XXWARE/driverlib/bin/gcc/driverlib.lib(ddi.o)
 .comment       0x00000000000000c9       0x71 /home/martin/Desktop/OLSONET/PICOS/PicOS/CC13XX/CC13XXWARE/driverlib/bin/gcc/driverlib.lib(osc.o)

.ARM.attributes
                0x0000000000000000       0x2d
 .ARM.attributes
                0x0000000000000000       0x2d KTMP/app.o
 .ARM.attributes
                0x000000000000002d       0x2d KTMP/main.o
 .ARM.attributes
                0x000000000000005a       0x2d KTMP/kernel.o
 .ARM.attributes
                0x0000000000000087       0x2d KTMP/tcv.o
 .ARM.attributes
                0x00000000000000b4       0x2d KTMP/startup_gcc.o
 .ARM.attributes
                0x00000000000000e1       0x33 KTMP/ccfg.o
 .ARM.attributes
                0x0000000000000114       0x2d KTMP/pin_sensor.o
 .ARM.attributes
                0x0000000000000141       0x2d KTMP/buttons.o
 .ARM.attributes
                0x000000000000016e       0x2d KTMP/storage_mx25r8035.o
 .ARM.attributes
                0x000000000000019b       0x2d KTMP/ser_in.o
 .ARM.attributes
                0x00000000000001c8       0x2d KTMP/ser_outf.o
 .ARM.attributes
                0x00000000000001f5       0x2d KTMP/ser_inf.o
 .ARM.attributes
                0x0000000000000222       0x2d KTMP/__outserial.o
 .ARM.attributes
                0x000000000000024f       0x2d KTMP/__inserial.o
 .ARM.attributes
                0x000000000000027c       0x2d KTMP/vform.o
 .ARM.attributes
                0x00000000000002a9       0x2d KTMP/vscan.o
 .ARM.attributes
                0x00000000000002d6       0x33 /home/martin/Desktop/OLSONET/PICOS/PicOS/CC13XX/CC13XXWARE/driverlib/bin/gcc/driverlib.lib(aon_batmon.o)
 .ARM.attributes
                0x0000000000000309       0x33 /home/martin/Desktop/OLSONET/PICOS/PicOS/CC13XX/CC13XXWARE/driverlib/bin/gcc/driverlib.lib(aon_rtc.o)
 .ARM.attributes
                0x000000000000033c       0x33 /home/martin/Desktop/OLSONET/PICOS/PicOS/CC13XX/CC13XXWARE/driverlib/bin/gcc/driverlib.lib(cpu.o)
 .ARM.attributes
                0x000000000000036f       0x33 /home/martin/Desktop/OLSONET/PICOS/PicOS/CC13XX/CC13XXWARE/driverlib/bin/gcc/driverlib.lib(setup.o)
 .ARM.attributes
                0x00000000000003a2       0x33 /home/martin/Desktop/OLSONET/PICOS/PicOS/CC13XX/CC13XXWARE/driverlib/bin/gcc/driverlib.lib(setup_rom.o)
 .ARM.attributes
                0x00000000000003d5       0x33 /home/martin/Desktop/OLSONET/PICOS/PicOS/CC13XX/CC13XXWARE/driverlib/bin/gcc/driverlib.lib(sys_ctrl.o)
 .ARM.attributes
                0x0000000000000408       0x33 /home/martin/Desktop/OLSONET/PICOS/PicOS/CC13XX/CC13XXWARE/driverlib/bin/gcc/driverlib.lib(chipinfo.o)
 .ARM.attributes
                0x000000000000043b       0x33 /home/martin/Desktop/OLSONET/PICOS/PicOS/CC13XX/CC13XXWARE/driverlib/bin/gcc/driverlib.lib(ddi.o)
 .ARM.attributes
                0x000000000000046e       0x33 /home/martin/Desktop/OLSONET/PICOS/PicOS/CC13XX/CC13XXWARE/driverlib/bin/gcc/driverlib.lib(osc.o)

.debug_frame    0x0000000000000000     0x1424
 .debug_frame   0x0000000000000000       0x74 KTMP/app.o
 .debug_frame   0x0000000000000074      0x2bc KTMP/main.o
 .debug_frame   0x0000000000000330      0x3d4 KTMP/kernel.o
 .debug_frame   0x0000000000000704      0x360 KTMP/tcv.o
 .debug_frame   0x0000000000000a64       0x58 KTMP/startup_gcc.o
 .debug_frame   0x0000000000000abc       0x3c KTMP/pin_sensor.o
 .debug_frame   0x0000000000000af8       0x68 KTMP/buttons.o
 .debug_frame   0x0000000000000b60      0x194 KTMP/storage_mx25r8035.o
 .debug_frame   0x0000000000000cf4       0x30 KTMP/ser_in.o
 .debug_frame   0x0000000000000d24       0x44 KTMP/ser_outf.o
 .debug_frame   0x0000000000000d68       0x44 KTMP/ser_inf.o
 .debug_frame   0x0000000000000dac       0x3c KTMP/__outserial.o
 .debug_frame   0x0000000000000de8       0x3c KTMP/__inserial.o
 .debug_frame   0x0000000000000e24       0x6c KTMP/vform.o
 .debug_frame   0x0000000000000e90       0x34 KTMP/vscan.o
 .debug_frame   0x0000000000000ec4       0x20 /home/martin/Desktop/OLSONET/PICOS/PicOS/CC13XX/CC13XXWARE/driverlib/bin/gcc/driverlib.lib(aon_batmon.o)
 .debug_frame   0x0000000000000ee4       0x30 /home/martin/Desktop/OLSONET/PICOS/PicOS/CC13XX/CC13XXWARE/driverlib/bin/gcc/driverlib.lib(aon_rtc.o)
 .debug_frame   0x0000000000000f14       0x60 /home/martin/Desktop/OLSONET/PICOS/PicOS/CC13XX/CC13XXWARE/driverlib/bin/gcc/driverlib.lib(cpu.o)
 .debug_frame   0x0000000000000f74       0x44 /home/martin/Desktop/OLSONET/PICOS/PicOS/CC13XX/CC13XXWARE/driverlib/bin/gcc/driverlib.lib(setup.o)
 .debug_frame   0x0000000000000fb8      0x194 /home/martin/Desktop/OLSONET/PICOS/PicOS/CC13XX/CC13XXWARE/driverlib/bin/gcc/driverlib.lib(setup_rom.o)
 .debug_frame   0x000000000000114c       0x9c /home/martin/Desktop/OLSONET/PICOS/PicOS/CC13XX/CC13XXWARE/driverlib/bin/gcc/driverlib.lib(sys_ctrl.o)
 .debug_frame   0x00000000000011e8       0x8c /home/martin/Desktop/OLSONET/PICOS/PicOS/CC13XX/CC13XXWARE/driverlib/bin/gcc/driverlib.lib(chipinfo.o)
 .debug_frame   0x0000000000001274       0xac /home/martin/Desktop/OLSONET/PICOS/PicOS/CC13XX/CC13XXWARE/driverlib/bin/gcc/driverlib.lib(ddi.o)
 .debug_frame   0x0000000000001320      0x104 /home/martin/Desktop/OLSONET/PICOS/PicOS/CC13XX/CC13XXWARE/driverlib/bin/gcc/driverlib.lib(osc.o)
